[HOST][CFG] VID=0xCAFE PID=0x4001 intf=2 IN=0x83 OUT=0x03 pairs=50 tmo=3000ms window=20.0s full=1 rate=50Hz ctrlSTAT=0
[HOST] Claimed interface #2
[HOST] SetInterface(IF#2, alt=1) OK
[HOST] SET_WINDOWS written: 9 bytes (100,300) (700,300)
[HOST] SET_BLOCK_RATE written: 3 bytes (50 Hz)
[HOST] SET_FULL_MODE(1) written: 2 bytes
[HOST] SET_PROFILE(2) written: 2 bytes
[HOST] START written: 1 bytes to EP 0x03
[HOST][GET_STATUS] queued via BULK
[HOST_RX] ep=0x83 len=1856 type=A head=5A A5 01 01
[HOST_RX] ep=0x83 len=1856 type=B head=5A A5 01 02
[HOST_RX] ep=0x83 len=1856 type=A head=5A A5 01 01
[HOST_RX] ep=0x83 len=1856 type=B head=5A A5 01 02
[HOST_RX] ep=0x83 len=1856 type=A head=5A A5 01 01
[HOST_RX] ep=0x83 len=1856 type=B head=5A A5 01 02
[HOST_RX] ep=0x83 len=1856 type=A head=5A A5 01 01
[HOST_RX] ep=0x83 len=1856 type=B head=5A A5 01 02
[HOST_RX] ep=0x83 len=64 type=STAT head=53 54 41 54
[HOST_STAT] ver=1 flags=0x0001 test=1 seq=4 sentA/B=4/4 TxCplt=595 dma=22768577/0 cur_samples=912 wr_seq=23 flags2=0x0592 send_ch=255 pair 0/4 lastTX=1856 cur_seq=4 prep 14/1
[HOST_RX] ep=0x83 len=1856 type=A head=5A A5 01 01
[HOST_RX] ep=0x83 len=1856 type=B head=5A A5 01 02
[HOST_RX] ep=0x83 len=1856 type=A head=5A A5 01 01
[HOST_RX] ep=0x83 len=1856 type=B head=5A A5 01 02
[HOST_RX] ep=0x83 len=1856 type=A head=5A A5 01 01
[HOST_RX] ep=0x83 len=1856 type=B head=5A A5 01 02
[HOST_RX] timeout
[HOST][GET_STATUS] queued via BULK
[HOST_RX] ep=0x83 len=64 type=STAT head=53 54 41 54
[HOST_STAT] ver=1 flags=0x0000 test=0 seq=0 sentA/B=7/8 TxCplt=602 dma=22769492/0 cur_samples=0 wr_seq=938 flags2=0x0112 send_ch=255 pair 0/0 lastTX=1856 cur_seq=0 prep 3/2
[HOST_RX] timeout
[HOST][GET_STATUS] queued via BULK
[HOST_RX] ep=0x83 len=64 type=STAT head=53 54 41 54
[HOST_STAT] ver=1 flags=0x0000 test=0 seq=0 sentA/B=7/8 TxCplt=603 dma=22770396/0 cur_samples=0 wr_seq=1842 flags2=0x0112 send_ch=255 pair 0/0 lastTX=64 cur_seq=0 prep 3/2
[HOST_RX] timeout
[HOST][GET_STATUS] queued via BULK
[HOST_RX] ep=0x83 len=64 type=STAT head=53 54 41 54
[HOST_STAT] ver=1 flags=0x0000 test=0 seq=0 sentA/B=7/8 TxCplt=604 dma=22771301/0 cur_samples=0 wr_seq=2747 flags2=0x0112 send_ch=255 pair 0/0 lastTX=64 cur_seq=0 prep 3/2
[HOST_RX] timeout
[HOST][GET_STATUS] queued via BULK
[HOST_RX] ep=0x83 len=64 type=STAT head=53 54 41 54
[HOST_STAT] ver=1 flags=0x0000 test=0 seq=0 sentA/B=7/8 TxCplt=605 dma=22772207/0 cur_samples=0 wr_seq=3653 flags2=0x0112 send_ch=255 pair 0/0 lastTX=64 cur_seq=0 prep 3/2
[HOST_RX] timeout
[HOST][GET_STATUS] queued via BULK
[HOST_RX] ep=0x83 len=64 type=STAT head=53 54 41 54
[HOST_STAT] ver=1 flags=0x0000 test=0 seq=0 sentA/B=7/8 TxCplt=606 dma=22773111/0 cur_samples=0 wr_seq=4557 flags2=0x0112 send_ch=255 pair 0/0 lastTX=64 cur_seq=0 prep 3/2
[HOST_RX] timeout
[HOST][GET_STATUS] queued via BULK
[HOST_RX] ep=0x83 len=64 type=STAT head=53 54 41 54
[HOST_STAT] ver=1 flags=0x0000 test=0 seq=0 sentA/B=7/8 TxCplt=607 dma=22774015/0 cur_samples=0 wr_seq=5461 flags2=0x0112 send_ch=255 pair 0/0 lastTX=64 cur_seq=0 prep 3/2
[HOST_RX] timeout
[HOST][GET_STATUS] queued via BULK
[HOST] STOP written: 1 bytes
