../Core/Src/adc_stream.c:34:6:adc_stream_print_samples	40	static
../Core/Src/adc_stream.c:51:6:adc_stream_stop	8	static
../Core/Src/adc_stream.c:141:13:dump_b_path_regs	24	static
../Core/Src/adc_stream.c:336:20:adc_marker_set_level_a	16	static
../Core/Src/adc_stream.c:341:20:adc_marker_set_level_b	16	static
../Core/Src/adc_stream.c:346:23:adc_marker_output_allowed	4	static
../Core/Src/adc_stream.c:354:23:adc_marker_get_level	4	static
../Core/Src/adc_stream.c:359:20:adc_marker_set_level	24	static
../Core/Src/adc_stream.c:374:20:adc_marker_pa3_toggle	16	static
../Core/Src/adc_stream.c:391:23:adc_parity_from_pa3	16	static
../Core/Src/adc_stream.c:397:9:adc_stream_get_marker_level	8	static
../Core/Src/adc_stream.c:402:6:adc_stream_refresh_marker_output	8	static
../Core/Src/adc_stream.c:407:6:adc_stream_invert_phase_polarity	16	static,ignoring_inline_asm
../Core/Src/adc_stream.c:426:20:adc_mark_ready_and_publish	32	static
../Core/Src/adc_stream.c:481:20:adc_invalidate_cache_for_buffer	16	static
../Core/Src/adc_stream.c:504:6:adc_stream_print_sample95_all_buffers	24	static
../Core/Src/adc_stream.c:530:20:adc_flush_cache_for_buffer	16	static
../Core/Src/adc_stream.c:585:9:adc_stream_static_mode_enabled	4	static
../Core/Src/adc_stream.c:623:6:adc_stream_setup_tim15_arr_dma	8	static
../Core/Src/adc_stream.c:652:6:adc_stream_push_tim15_phase	16	static
../Core/Src/adc_stream.c:659:6:adc_stream_trigger_tim15_correction	8	static
../Core/Src/adc_stream.c:822:6:adc_sync_pd5_apply_adjustment	4	static
../Core/Src/adc_stream.c:848:9:adc_stream_get_profile	4	static
../Core/Src/adc_stream.c:849:10:adc_stream_get_active_samples	4	static
../Core/Src/adc_stream.c:850:10:adc_stream_get_buf_rate	4	static
../Core/Src/adc_stream.c:854:10:adc_stream_get_fs	4	static
../Core/Src/adc_stream.c:857:13:adc_stream_apply_timing	56	static
../Core/Src/adc_stream.c:935:26:adc_stream_apply_profile	56	static
../Core/Src/adc_stream.c:1185:5:adc_stream_set_profile	16	static
../Core/Src/adc_stream.c:1209:6:adc_stream_init	4	static
../Core/Src/adc_stream.c:1215:19:adc_stream_start	24	static
../Core/Src/adc_stream.c:1262:19:adc_stream_restart	16	static
../Core/Src/adc_stream.c:1269:6:adc_stream_restart_sync	16	static
../Core/Src/adc_stream.c:1312:23:is_buffer_all_zeros	24	static
../Core/Src/adc_stream.c:1320:9:adc_get_frame_ch	40	static,ignoring_inline_asm
../Core/Src/adc_stream.c:1381:9:adc_consume_frame_ch	24	static,ignoring_inline_asm
../Core/Src/adc_stream.c:1394:9:adc_get_frame	32	static,ignoring_inline_asm
../Core/Src/adc_stream.c:1421:9:adc_get_frame_pair	32	static,ignoring_inline_asm
../Core/Src/adc_stream.c:1450:9:adc_get_frame_pair_fifo	32	static,ignoring_inline_asm
../Core/Src/adc_stream.c:1473:9:adc_peek_frame_pair_fifo	32	static,ignoring_inline_asm
../Core/Src/adc_stream.c:1495:9:adc_consume_frame_pair_fifo	24	static,ignoring_inline_asm
../Core/Src/adc_stream.c:1511:9:adc_peek_latest_frame_pair_fifo	40	static,ignoring_inline_asm
../Core/Src/adc_stream.c:1532:6:adc_stream_get_debug	16	static
../Core/Src/adc_stream.c:1560:9:adc_get_buffer_parity	24	static
../Core/Src/adc_stream.c:1569:6:adc_dump_buffer_trace	32	static
../Core/Src/adc_stream.c:1591:28:adc_stream_on_new_frames	16	static
../Core/Src/adc_stream.c:1678:6:HAL_ADC_ConvHalfCpltCallback	16	static
../Core/Src/adc_stream.c:1705:6:adc_stream_tim2_switch_buffers	96	static
../Core/Src/adc_stream.c:2028:6:HAL_ADC_ConvCpltCallback	104	static
../Core/Src/adc_stream.c:2531:6:adc_stream_sync_edge	32	static
../Core/Src/adc_stream.c:2587:24:tick_diff32	16	static
../Core/Src/adc_stream.c:2604:6:adc_stream_watchdog	112	static
../Core/Src/adc_stream.c:2744:6:adc_stream_set_buf_rate_fine	24	static
../Core/Src/adc_stream.c:2774:6:adc_stream_set_buf_rate_external	16	static
../Core/Src/adc_stream.c:2784:6:adc_stream_clear_buf_rate_override	16	static
