../Core/Src/adc_stream.c:25:6:adc_stream_print_samples	40	static
../Core/Src/adc_stream.c:38:6:adc_stream_stop	8	static
../Core/Src/adc_stream.c:100:13:dump_b_path_regs	64	static
../Core/Src/adc_stream.c:187:20:adc_mark_ready_and_publish	24	static
../Core/Src/adc_stream.c:211:20:adc_invalidate_cache_for_buffer	16	static
../Core/Src/adc_stream.c:242:9:adc_stream_get_profile	4	static
../Core/Src/adc_stream.c:243:10:adc_stream_get_active_samples	4	static
../Core/Src/adc_stream.c:244:10:adc_stream_get_buf_rate	4	static
../Core/Src/adc_stream.c:245:10:adc_stream_get_fs	4	static
../Core/Src/adc_stream.c:247:26:adc_stream_apply_profile	64	static
../Core/Src/adc_stream.c:337:5:adc_stream_set_profile	16	static
../Core/Src/adc_stream.c:356:6:adc_stream_init	4	static
../Core/Src/adc_stream.c:362:19:adc_stream_start	24	static
../Core/Src/adc_stream.c:391:19:adc_stream_restart	16	static
../Core/Src/adc_stream.c:398:23:is_buffer_all_zeros	24	static
../Core/Src/adc_stream.c:406:9:adc_get_frame_ch	40	static
../Core/Src/adc_stream.c:452:9:adc_get_frame	32	static
../Core/Src/adc_stream.c:473:6:adc_stream_get_debug	16	static
../Core/Src/adc_stream.c:499:28:adc_stream_on_new_frames	16	static
../Core/Src/adc_stream.c:502:6:HAL_ADC_ConvHalfCpltCallback	16	static
../Core/Src/adc_stream.c:531:6:adc_stream_tim2_switch_buffers	56	static
../Core/Src/adc_stream.c:646:6:HAL_ADC_ConvCpltCallback	16	static
../Core/Src/adc_stream.c:817:24:tick_diff32	16	static
../Core/Src/adc_stream.c:834:6:adc_stream_watchdog	136	static
