../Core/Src/adc_stream.c:33:6:adc_stream_print_samples	40	static
../Core/Src/adc_stream.c:50:6:adc_stream_stop	8	static
../Core/Src/adc_stream.c:140:13:dump_b_path_regs	24	static
../Core/Src/adc_stream.c:335:20:adc_marker_set_level_a	16	static
../Core/Src/adc_stream.c:340:20:adc_marker_set_level_b	16	static
../Core/Src/adc_stream.c:345:20:adc_marker_set_level	16	static
../Core/Src/adc_stream.c:352:20:adc_marker_pa3_toggle	16	static
../Core/Src/adc_stream.c:370:23:adc_parity_from_pa3	4	static
../Core/Src/adc_stream.c:376:6:adc_stream_invert_phase_polarity	16	static,ignoring_inline_asm
../Core/Src/adc_stream.c:395:20:adc_mark_ready_and_publish	32	static
../Core/Src/adc_stream.c:441:20:adc_invalidate_cache_for_buffer	16	static
../Core/Src/adc_stream.c:464:6:adc_stream_print_sample95_all_buffers	24	static
../Core/Src/adc_stream.c:490:20:adc_flush_cache_for_buffer	16	static
../Core/Src/adc_stream.c:545:9:adc_stream_static_mode_enabled	4	static
../Core/Src/adc_stream.c:582:6:adc_stream_setup_tim15_arr_dma	8	static
../Core/Src/adc_stream.c:611:6:adc_stream_push_tim15_phase	32	static
../Core/Src/adc_stream.c:650:6:adc_stream_trigger_tim15_correction	8	static
../Core/Src/adc_stream.c:813:6:adc_sync_pd5_apply_adjustment	4	static
../Core/Src/adc_stream.c:839:9:adc_stream_get_profile	4	static
../Core/Src/adc_stream.c:840:10:adc_stream_get_active_samples	4	static
../Core/Src/adc_stream.c:841:10:adc_stream_get_buf_rate	4	static
../Core/Src/adc_stream.c:845:10:adc_stream_get_fs	4	static
../Core/Src/adc_stream.c:848:13:adc_stream_apply_timing	56	static
../Core/Src/adc_stream.c:929:26:adc_stream_apply_profile	56	static
../Core/Src/adc_stream.c:1179:5:adc_stream_set_profile	16	static
../Core/Src/adc_stream.c:1203:6:adc_stream_init	4	static
../Core/Src/adc_stream.c:1209:19:adc_stream_start	24	static
../Core/Src/adc_stream.c:1256:19:adc_stream_restart	16	static
../Core/Src/adc_stream.c:1263:6:adc_stream_restart_sync	16	static
../Core/Src/adc_stream.c:1306:23:is_buffer_all_zeros	24	static
../Core/Src/adc_stream.c:1314:9:adc_get_frame_ch	40	static,ignoring_inline_asm
../Core/Src/adc_stream.c:1375:9:adc_consume_frame_ch	24	static,ignoring_inline_asm
../Core/Src/adc_stream.c:1388:9:adc_get_frame	32	static,ignoring_inline_asm
../Core/Src/adc_stream.c:1415:9:adc_get_frame_pair	32	static,ignoring_inline_asm
../Core/Src/adc_stream.c:1442:9:adc_get_frame_pair_fifo	32	static,ignoring_inline_asm
../Core/Src/adc_stream.c:1465:9:adc_peek_latest_frame_pair_fifo	40	static,ignoring_inline_asm
../Core/Src/adc_stream.c:1486:6:adc_stream_get_debug	16	static
../Core/Src/adc_stream.c:1514:9:adc_get_buffer_parity	24	static
../Core/Src/adc_stream.c:1523:6:adc_dump_buffer_trace	32	static
../Core/Src/adc_stream.c:1545:28:adc_stream_on_new_frames	16	static
../Core/Src/adc_stream.c:1632:6:HAL_ADC_ConvHalfCpltCallback	16	static
../Core/Src/adc_stream.c:1659:6:adc_stream_tim2_switch_buffers	96	static
../Core/Src/adc_stream.c:1982:6:HAL_ADC_ConvCpltCallback	136	static
../Core/Src/adc_stream.c:2679:6:adc_stream_sync_edge	32	static
../Core/Src/adc_stream.c:2735:24:tick_diff32	16	static
../Core/Src/adc_stream.c:2752:6:adc_stream_watchdog	104	static
../Core/Src/adc_stream.c:2890:6:adc_stream_set_buf_rate_fine	24	static
../Core/Src/adc_stream.c:2920:6:adc_stream_set_buf_rate_external	16	static
