../Core/Src/adc_stream.c:25:6:adc_stream_print_samples	40	static
../Core/Src/adc_stream.c:38:6:adc_stream_stop	8	static
../Core/Src/adc_stream.c:100:13:dump_b_path_regs	64	static
../Core/Src/adc_stream.c:182:20:adc_mark_ready_and_publish	24	static
../Core/Src/adc_stream.c:206:20:adc_invalidate_cache_for_buffer	16	static
../Core/Src/adc_stream.c:222:9:adc_stream_get_profile	4	static
../Core/Src/adc_stream.c:223:10:adc_stream_get_active_samples	4	static
../Core/Src/adc_stream.c:224:10:adc_stream_get_buf_rate	4	static
../Core/Src/adc_stream.c:225:10:adc_stream_get_fs	4	static
../Core/Src/adc_stream.c:227:26:adc_stream_apply_profile	64	static
../Core/Src/adc_stream.c:316:5:adc_stream_set_profile	16	static
../Core/Src/adc_stream.c:335:6:adc_stream_init	4	static
../Core/Src/adc_stream.c:341:19:adc_stream_start	24	static
../Core/Src/adc_stream.c:370:19:adc_stream_restart	16	static
../Core/Src/adc_stream.c:377:23:is_buffer_all_zeros	24	static
../Core/Src/adc_stream.c:385:9:adc_get_frame_ch	40	static
../Core/Src/adc_stream.c:408:9:adc_get_frame	32	static
../Core/Src/adc_stream.c:429:6:adc_stream_get_debug	16	static
../Core/Src/adc_stream.c:455:28:adc_stream_on_new_frames	16	static
../Core/Src/adc_stream.c:458:6:HAL_ADC_ConvHalfCpltCallback	16	static
../Core/Src/adc_stream.c:484:6:HAL_ADC_ConvCpltCallback	56	static
../Core/Src/adc_stream.c:578:24:tick_diff32	16	static
../Core/Src/adc_stream.c:595:6:adc_stream_watchdog	136	static
