../Core/Src/adc_stream.c:33:6:adc_stream_print_samples	40	static
../Core/Src/adc_stream.c:50:6:adc_stream_stop	8	static
../Core/Src/adc_stream.c:140:13:dump_b_path_regs	24	static
../Core/Src/adc_stream.c:326:20:adc_marker_pa3_toggle	4	static
../Core/Src/adc_stream.c:341:23:adc_parity_from_pa3	4	static
../Core/Src/adc_stream.c:348:20:adc_mark_ready_and_publish	32	static
../Core/Src/adc_stream.c:391:20:adc_invalidate_cache_for_buffer	16	static
../Core/Src/adc_stream.c:414:6:adc_stream_print_sample95_all_buffers	24	static
../Core/Src/adc_stream.c:440:20:adc_flush_cache_for_buffer	16	static
../Core/Src/adc_stream.c:495:9:adc_stream_static_mode_enabled	4	static
../Core/Src/adc_stream.c:529:6:adc_stream_setup_tim15_arr_dma	8	static
../Core/Src/adc_stream.c:558:6:adc_stream_push_tim15_phase	32	static
../Core/Src/adc_stream.c:600:6:adc_stream_trigger_tim15_correction	8	static
../Core/Src/adc_stream.c:761:6:adc_sync_pd5_apply_adjustment	4	static
../Core/Src/adc_stream.c:787:9:adc_stream_get_profile	4	static
../Core/Src/adc_stream.c:788:10:adc_stream_get_active_samples	4	static
../Core/Src/adc_stream.c:789:10:adc_stream_get_buf_rate	4	static
../Core/Src/adc_stream.c:793:10:adc_stream_get_fs	4	static
../Core/Src/adc_stream.c:796:13:adc_stream_apply_timing	56	static
../Core/Src/adc_stream.c:870:26:adc_stream_apply_profile	56	static
../Core/Src/adc_stream.c:1120:5:adc_stream_set_profile	16	static
../Core/Src/adc_stream.c:1144:6:adc_stream_init	4	static
../Core/Src/adc_stream.c:1150:19:adc_stream_start	24	static
../Core/Src/adc_stream.c:1197:19:adc_stream_restart	16	static
../Core/Src/adc_stream.c:1204:6:adc_stream_restart_sync	16	static
../Core/Src/adc_stream.c:1247:23:is_buffer_all_zeros	24	static
../Core/Src/adc_stream.c:1255:9:adc_get_frame_ch	40	static,ignoring_inline_asm
../Core/Src/adc_stream.c:1316:9:adc_consume_frame_ch	24	static,ignoring_inline_asm
../Core/Src/adc_stream.c:1329:9:adc_get_frame	32	static,ignoring_inline_asm
../Core/Src/adc_stream.c:1356:9:adc_get_frame_pair	32	static,ignoring_inline_asm
../Core/Src/adc_stream.c:1383:9:adc_get_frame_pair_fifo	32	static,ignoring_inline_asm
../Core/Src/adc_stream.c:1406:9:adc_peek_latest_frame_pair_fifo	40	static,ignoring_inline_asm
../Core/Src/adc_stream.c:1427:6:adc_stream_get_debug	16	static
../Core/Src/adc_stream.c:1455:9:adc_get_buffer_parity	24	static
../Core/Src/adc_stream.c:1464:6:adc_dump_buffer_trace	32	static
../Core/Src/adc_stream.c:1486:28:adc_stream_on_new_frames	16	static
../Core/Src/adc_stream.c:1573:6:HAL_ADC_ConvHalfCpltCallback	16	static
../Core/Src/adc_stream.c:1600:6:adc_stream_tim2_switch_buffers	96	static
../Core/Src/adc_stream.c:1923:6:HAL_ADC_ConvCpltCallback	136	static
../Core/Src/adc_stream.c:2587:6:adc_stream_sync_edge	32	static
../Core/Src/adc_stream.c:2643:24:tick_diff32	16	static
../Core/Src/adc_stream.c:2660:6:adc_stream_watchdog	104	static
../Core/Src/adc_stream.c:2794:6:adc_stream_set_buf_rate_fine	24	static
../Core/Src/adc_stream.c:2824:6:adc_stream_set_buf_rate_external	16	static
