../Core/Src/adc_stream.c:25:6:adc_stream_print_samples	40	static
../Core/Src/adc_stream.c:38:6:adc_stream_stop	8	static
../Core/Src/adc_stream.c:131:24:adc_addr_to_index	32	static
../Core/Src/adc_stream.c:141:20:adc_mark_ready_and_publish	24	static
../Core/Src/adc_stream.c:163:9:adc_stream_get_profile	4	static
../Core/Src/adc_stream.c:164:10:adc_stream_get_active_samples	4	static
../Core/Src/adc_stream.c:165:10:adc_stream_get_buf_rate	4	static
../Core/Src/adc_stream.c:166:10:adc_stream_get_fs	4	static
../Core/Src/adc_stream.c:168:26:adc_stream_apply_profile	32	static
../Core/Src/adc_stream.c:245:5:adc_stream_set_profile	16	static
../Core/Src/adc_stream.c:256:6:adc_stream_init	4	static
../Core/Src/adc_stream.c:262:19:adc_stream_start	24	static
../Core/Src/adc_stream.c:275:19:adc_stream_restart	16	static
../Core/Src/adc_stream.c:281:9:adc_get_frame	32	static
../Core/Src/adc_stream.c:302:6:adc_stream_get_debug	16	static
../Core/Src/adc_stream.c:315:28:adc_stream_on_new_frames	16	static
../Core/Src/adc_stream.c:318:6:HAL_ADC_ConvHalfCpltCallback	16	static
../Core/Src/adc_stream.c:337:6:HAL_ADC_ConvCpltCallback	72	static
