../Core/Src/adc_stream.c:33:6:adc_stream_print_samples	40	static
../Core/Src/adc_stream.c:50:6:adc_stream_stop	8	static
../Core/Src/adc_stream.c:140:13:dump_b_path_regs	24	static
../Core/Src/adc_stream.c:326:20:adc_marker_pa3_toggle	4	static
../Core/Src/adc_stream.c:343:23:adc_parity_from_pa3	4	static
../Core/Src/adc_stream.c:350:20:adc_mark_ready_and_publish	32	static
../Core/Src/adc_stream.c:393:20:adc_invalidate_cache_for_buffer	16	static
../Core/Src/adc_stream.c:416:6:adc_stream_print_sample95_all_buffers	24	static
../Core/Src/adc_stream.c:442:20:adc_flush_cache_for_buffer	16	static
../Core/Src/adc_stream.c:497:9:adc_stream_static_mode_enabled	4	static
../Core/Src/adc_stream.c:531:6:adc_stream_setup_tim15_arr_dma	8	static
../Core/Src/adc_stream.c:560:6:adc_stream_push_tim15_phase	32	static
../Core/Src/adc_stream.c:602:6:adc_stream_trigger_tim15_correction	8	static
../Core/Src/adc_stream.c:763:6:adc_sync_pd5_apply_adjustment	4	static
../Core/Src/adc_stream.c:789:9:adc_stream_get_profile	4	static
../Core/Src/adc_stream.c:790:10:adc_stream_get_active_samples	4	static
../Core/Src/adc_stream.c:791:10:adc_stream_get_buf_rate	4	static
../Core/Src/adc_stream.c:795:10:adc_stream_get_fs	4	static
../Core/Src/adc_stream.c:798:13:adc_stream_apply_timing	56	static
../Core/Src/adc_stream.c:872:26:adc_stream_apply_profile	56	static
../Core/Src/adc_stream.c:1122:5:adc_stream_set_profile	16	static
../Core/Src/adc_stream.c:1146:6:adc_stream_init	4	static
../Core/Src/adc_stream.c:1152:19:adc_stream_start	24	static
../Core/Src/adc_stream.c:1199:19:adc_stream_restart	16	static
../Core/Src/adc_stream.c:1206:6:adc_stream_restart_sync	16	static
../Core/Src/adc_stream.c:1250:23:is_buffer_all_zeros	24	static
../Core/Src/adc_stream.c:1258:9:adc_get_frame_ch	40	static,ignoring_inline_asm
../Core/Src/adc_stream.c:1319:9:adc_consume_frame_ch	24	static,ignoring_inline_asm
../Core/Src/adc_stream.c:1332:9:adc_get_frame	32	static,ignoring_inline_asm
../Core/Src/adc_stream.c:1359:9:adc_get_frame_pair	32	static,ignoring_inline_asm
../Core/Src/adc_stream.c:1386:9:adc_get_frame_pair_fifo	32	static,ignoring_inline_asm
../Core/Src/adc_stream.c:1409:9:adc_peek_latest_frame_pair_fifo	40	static,ignoring_inline_asm
../Core/Src/adc_stream.c:1430:6:adc_stream_get_debug	16	static
../Core/Src/adc_stream.c:1458:9:adc_get_buffer_parity	24	static
../Core/Src/adc_stream.c:1467:6:adc_dump_buffer_trace	32	static
../Core/Src/adc_stream.c:1489:28:adc_stream_on_new_frames	16	static
../Core/Src/adc_stream.c:1576:6:HAL_ADC_ConvHalfCpltCallback	16	static
../Core/Src/adc_stream.c:1603:6:adc_stream_tim2_switch_buffers	96	static
../Core/Src/adc_stream.c:1926:6:HAL_ADC_ConvCpltCallback	120	static
../Core/Src/adc_stream.c:2566:6:adc_stream_sync_edge	32	static
../Core/Src/adc_stream.c:2622:24:tick_diff32	16	static
../Core/Src/adc_stream.c:2639:6:adc_stream_watchdog	104	static
../Core/Src/adc_stream.c:2773:6:adc_stream_set_buf_rate_fine	24	static
../Core/Src/adc_stream.c:2803:6:adc_stream_set_buf_rate_external	16	static
