../Core/Src/adc_stream.c:33:6:adc_stream_print_samples	40	static
../Core/Src/adc_stream.c:50:6:adc_stream_stop	8	static
../Core/Src/adc_stream.c:140:13:dump_b_path_regs	24	static
../Core/Src/adc_stream.c:330:20:adc_marker_pa3_toggle	4	static
../Core/Src/adc_stream.c:351:23:adc_parity_from_pa3	4	static
../Core/Src/adc_stream.c:360:20:adc_mark_ready_and_publish	32	static
../Core/Src/adc_stream.c:406:20:adc_invalidate_cache_for_buffer	16	static
../Core/Src/adc_stream.c:429:6:adc_stream_print_sample95_all_buffers	24	static
../Core/Src/adc_stream.c:455:20:adc_flush_cache_for_buffer	16	static
../Core/Src/adc_stream.c:510:9:adc_stream_static_mode_enabled	4	static
../Core/Src/adc_stream.c:547:6:adc_stream_setup_tim15_arr_dma	8	static
../Core/Src/adc_stream.c:576:6:adc_stream_push_tim15_phase	32	static
../Core/Src/adc_stream.c:615:6:adc_stream_trigger_tim15_correction	8	static
../Core/Src/adc_stream.c:778:6:adc_sync_pd5_apply_adjustment	4	static
../Core/Src/adc_stream.c:804:9:adc_stream_get_profile	4	static
../Core/Src/adc_stream.c:805:10:adc_stream_get_active_samples	4	static
../Core/Src/adc_stream.c:806:10:adc_stream_get_buf_rate	4	static
../Core/Src/adc_stream.c:810:10:adc_stream_get_fs	4	static
../Core/Src/adc_stream.c:813:13:adc_stream_apply_timing	56	static
../Core/Src/adc_stream.c:894:26:adc_stream_apply_profile	56	static
../Core/Src/adc_stream.c:1144:5:adc_stream_set_profile	16	static
../Core/Src/adc_stream.c:1168:6:adc_stream_init	4	static
../Core/Src/adc_stream.c:1174:19:adc_stream_start	24	static
../Core/Src/adc_stream.c:1221:19:adc_stream_restart	16	static
../Core/Src/adc_stream.c:1228:6:adc_stream_restart_sync	16	static
../Core/Src/adc_stream.c:1271:23:is_buffer_all_zeros	24	static
../Core/Src/adc_stream.c:1279:9:adc_get_frame_ch	40	static,ignoring_inline_asm
../Core/Src/adc_stream.c:1340:9:adc_consume_frame_ch	24	static,ignoring_inline_asm
../Core/Src/adc_stream.c:1353:9:adc_get_frame	32	static,ignoring_inline_asm
../Core/Src/adc_stream.c:1380:9:adc_get_frame_pair	32	static,ignoring_inline_asm
../Core/Src/adc_stream.c:1407:9:adc_get_frame_pair_fifo	32	static,ignoring_inline_asm
../Core/Src/adc_stream.c:1430:9:adc_peek_latest_frame_pair_fifo	40	static,ignoring_inline_asm
../Core/Src/adc_stream.c:1451:6:adc_stream_get_debug	16	static
../Core/Src/adc_stream.c:1479:9:adc_get_buffer_parity	24	static
../Core/Src/adc_stream.c:1488:6:adc_dump_buffer_trace	32	static
../Core/Src/adc_stream.c:1510:28:adc_stream_on_new_frames	16	static
../Core/Src/adc_stream.c:1597:6:HAL_ADC_ConvHalfCpltCallback	16	static
../Core/Src/adc_stream.c:1624:6:adc_stream_tim2_switch_buffers	96	static
../Core/Src/adc_stream.c:1947:6:HAL_ADC_ConvCpltCallback	136	static
../Core/Src/adc_stream.c:2632:6:adc_stream_sync_edge	32	static
../Core/Src/adc_stream.c:2688:24:tick_diff32	16	static
../Core/Src/adc_stream.c:2705:6:adc_stream_watchdog	104	static
../Core/Src/adc_stream.c:2843:6:adc_stream_set_buf_rate_fine	24	static
../Core/Src/adc_stream.c:2873:6:adc_stream_set_buf_rate_external	16	static
