../Core/Src/adc_stream.c:25:6:adc_stream_print_samples	40	static
../Core/Src/adc_stream.c:38:6:adc_stream_stop	8	static
../Core/Src/adc_stream.c:124:9:adc_stream_get_profile	4	static
../Core/Src/adc_stream.c:125:10:adc_stream_get_active_samples	4	static
../Core/Src/adc_stream.c:126:10:adc_stream_get_buf_rate	4	static
../Core/Src/adc_stream.c:127:10:adc_stream_get_fs	4	static
../Core/Src/adc_stream.c:129:26:adc_stream_apply_profile	32	static
../Core/Src/adc_stream.c:200:5:adc_stream_set_profile	16	static
../Core/Src/adc_stream.c:211:6:adc_stream_init	4	static
../Core/Src/adc_stream.c:217:19:adc_stream_start	24	static
../Core/Src/adc_stream.c:228:19:adc_stream_restart	16	static
../Core/Src/adc_stream.c:234:9:adc_get_frame	32	static
../Core/Src/adc_stream.c:255:6:adc_stream_get_debug	16	static
../Core/Src/adc_stream.c:268:28:adc_stream_on_new_frames	16	static
../Core/Src/adc_stream.c:271:6:HAL_ADC_ConvHalfCpltCallback	16	static
../Core/Src/adc_stream.c:290:6:HAL_ADC_ConvCpltCallback	48	static
