../Core/Src/adc_stream.c:33:6:adc_stream_print_samples	40	static
../Core/Src/adc_stream.c:50:6:adc_stream_stop	8	static
../Core/Src/adc_stream.c:140:13:dump_b_path_regs	24	static
../Core/Src/adc_stream.c:335:20:adc_marker_set_level_a	16	static
../Core/Src/adc_stream.c:340:20:adc_marker_set_level_b	16	static
../Core/Src/adc_stream.c:345:23:adc_marker_output_allowed	8	static
../Core/Src/adc_stream.c:352:20:adc_marker_set_level	16	static
../Core/Src/adc_stream.c:362:20:adc_marker_pa3_toggle	16	static
../Core/Src/adc_stream.c:380:23:adc_parity_from_pa3	4	static
../Core/Src/adc_stream.c:386:6:adc_stream_invert_phase_polarity	16	static,ignoring_inline_asm
../Core/Src/adc_stream.c:405:20:adc_mark_ready_and_publish	32	static
../Core/Src/adc_stream.c:460:20:adc_invalidate_cache_for_buffer	16	static
../Core/Src/adc_stream.c:483:6:adc_stream_print_sample95_all_buffers	24	static
../Core/Src/adc_stream.c:509:20:adc_flush_cache_for_buffer	16	static
../Core/Src/adc_stream.c:564:9:adc_stream_static_mode_enabled	4	static
../Core/Src/adc_stream.c:602:6:adc_stream_setup_tim15_arr_dma	8	static
../Core/Src/adc_stream.c:631:6:adc_stream_push_tim15_phase	16	static
../Core/Src/adc_stream.c:638:6:adc_stream_trigger_tim15_correction	8	static
../Core/Src/adc_stream.c:801:6:adc_sync_pd5_apply_adjustment	4	static
../Core/Src/adc_stream.c:827:9:adc_stream_get_profile	4	static
../Core/Src/adc_stream.c:828:10:adc_stream_get_active_samples	4	static
../Core/Src/adc_stream.c:829:10:adc_stream_get_buf_rate	4	static
../Core/Src/adc_stream.c:833:10:adc_stream_get_fs	4	static
../Core/Src/adc_stream.c:836:13:adc_stream_apply_timing	56	static
../Core/Src/adc_stream.c:914:26:adc_stream_apply_profile	56	static
../Core/Src/adc_stream.c:1164:5:adc_stream_set_profile	16	static
../Core/Src/adc_stream.c:1188:6:adc_stream_init	4	static
../Core/Src/adc_stream.c:1194:19:adc_stream_start	24	static
../Core/Src/adc_stream.c:1241:19:adc_stream_restart	16	static
../Core/Src/adc_stream.c:1248:6:adc_stream_restart_sync	16	static
../Core/Src/adc_stream.c:1291:23:is_buffer_all_zeros	24	static
../Core/Src/adc_stream.c:1299:9:adc_get_frame_ch	40	static,ignoring_inline_asm
../Core/Src/adc_stream.c:1360:9:adc_consume_frame_ch	24	static,ignoring_inline_asm
../Core/Src/adc_stream.c:1373:9:adc_get_frame	32	static,ignoring_inline_asm
../Core/Src/adc_stream.c:1400:9:adc_get_frame_pair	32	static,ignoring_inline_asm
../Core/Src/adc_stream.c:1429:9:adc_get_frame_pair_fifo	32	static,ignoring_inline_asm
../Core/Src/adc_stream.c:1452:9:adc_peek_frame_pair_fifo	32	static,ignoring_inline_asm
../Core/Src/adc_stream.c:1474:9:adc_consume_frame_pair_fifo	24	static,ignoring_inline_asm
../Core/Src/adc_stream.c:1490:9:adc_peek_latest_frame_pair_fifo	40	static,ignoring_inline_asm
../Core/Src/adc_stream.c:1511:6:adc_stream_get_debug	16	static
../Core/Src/adc_stream.c:1539:9:adc_get_buffer_parity	24	static
../Core/Src/adc_stream.c:1548:6:adc_dump_buffer_trace	32	static
../Core/Src/adc_stream.c:1570:28:adc_stream_on_new_frames	16	static
../Core/Src/adc_stream.c:1657:6:HAL_ADC_ConvHalfCpltCallback	16	static
../Core/Src/adc_stream.c:1684:6:adc_stream_tim2_switch_buffers	96	static
../Core/Src/adc_stream.c:2007:6:HAL_ADC_ConvCpltCallback	104	static
../Core/Src/adc_stream.c:2510:6:adc_stream_sync_edge	32	static
../Core/Src/adc_stream.c:2566:24:tick_diff32	16	static
../Core/Src/adc_stream.c:2583:6:adc_stream_watchdog	112	static
../Core/Src/adc_stream.c:2723:6:adc_stream_set_buf_rate_fine	24	static
../Core/Src/adc_stream.c:2753:6:adc_stream_set_buf_rate_external	16	static
../Core/Src/adc_stream.c:2763:6:adc_stream_clear_buf_rate_override	16	static
