../Core/Src/adc_stream.c:33:6:adc_stream_print_samples	40	static
../Core/Src/adc_stream.c:50:6:adc_stream_stop	8	static
../Core/Src/adc_stream.c:140:13:dump_b_path_regs	24	static
../Core/Src/adc_stream.c:330:20:adc_marker_pa3_toggle	4	static
../Core/Src/adc_stream.c:351:23:adc_parity_from_pa3	4	static
../Core/Src/adc_stream.c:357:6:adc_stream_invert_phase_polarity	8	static,ignoring_inline_asm
../Core/Src/adc_stream.c:384:20:adc_mark_ready_and_publish	32	static
../Core/Src/adc_stream.c:430:20:adc_invalidate_cache_for_buffer	16	static
../Core/Src/adc_stream.c:453:6:adc_stream_print_sample95_all_buffers	24	static
../Core/Src/adc_stream.c:479:20:adc_flush_cache_for_buffer	16	static
../Core/Src/adc_stream.c:534:9:adc_stream_static_mode_enabled	4	static
../Core/Src/adc_stream.c:571:6:adc_stream_setup_tim15_arr_dma	8	static
../Core/Src/adc_stream.c:600:6:adc_stream_push_tim15_phase	32	static
../Core/Src/adc_stream.c:639:6:adc_stream_trigger_tim15_correction	8	static
../Core/Src/adc_stream.c:802:6:adc_sync_pd5_apply_adjustment	4	static
../Core/Src/adc_stream.c:828:9:adc_stream_get_profile	4	static
../Core/Src/adc_stream.c:829:10:adc_stream_get_active_samples	4	static
../Core/Src/adc_stream.c:830:10:adc_stream_get_buf_rate	4	static
../Core/Src/adc_stream.c:834:10:adc_stream_get_fs	4	static
../Core/Src/adc_stream.c:837:13:adc_stream_apply_timing	56	static
../Core/Src/adc_stream.c:918:26:adc_stream_apply_profile	56	static
../Core/Src/adc_stream.c:1168:5:adc_stream_set_profile	16	static
../Core/Src/adc_stream.c:1192:6:adc_stream_init	4	static
../Core/Src/adc_stream.c:1198:19:adc_stream_start	24	static
../Core/Src/adc_stream.c:1245:19:adc_stream_restart	16	static
../Core/Src/adc_stream.c:1252:6:adc_stream_restart_sync	16	static
../Core/Src/adc_stream.c:1295:23:is_buffer_all_zeros	24	static
../Core/Src/adc_stream.c:1303:9:adc_get_frame_ch	40	static,ignoring_inline_asm
../Core/Src/adc_stream.c:1364:9:adc_consume_frame_ch	24	static,ignoring_inline_asm
../Core/Src/adc_stream.c:1377:9:adc_get_frame	32	static,ignoring_inline_asm
../Core/Src/adc_stream.c:1404:9:adc_get_frame_pair	32	static,ignoring_inline_asm
../Core/Src/adc_stream.c:1431:9:adc_get_frame_pair_fifo	32	static,ignoring_inline_asm
../Core/Src/adc_stream.c:1454:9:adc_peek_latest_frame_pair_fifo	40	static,ignoring_inline_asm
../Core/Src/adc_stream.c:1475:6:adc_stream_get_debug	16	static
../Core/Src/adc_stream.c:1503:9:adc_get_buffer_parity	24	static
../Core/Src/adc_stream.c:1512:6:adc_dump_buffer_trace	32	static
../Core/Src/adc_stream.c:1534:28:adc_stream_on_new_frames	16	static
../Core/Src/adc_stream.c:1621:6:HAL_ADC_ConvHalfCpltCallback	16	static
../Core/Src/adc_stream.c:1648:6:adc_stream_tim2_switch_buffers	96	static
../Core/Src/adc_stream.c:1971:6:HAL_ADC_ConvCpltCallback	136	static
../Core/Src/adc_stream.c:2656:6:adc_stream_sync_edge	32	static
../Core/Src/adc_stream.c:2712:24:tick_diff32	16	static
../Core/Src/adc_stream.c:2729:6:adc_stream_watchdog	104	static
../Core/Src/adc_stream.c:2867:6:adc_stream_set_buf_rate_fine	24	static
../Core/Src/adc_stream.c:2897:6:adc_stream_set_buf_rate_external	16	static
