../Core/Src/adc_stream.c:25:6:adc_stream_print_samples	40	static
../Core/Src/adc_stream.c:38:6:adc_stream_stop	8	static
../Core/Src/adc_stream.c:139:24:adc_addr_to_index	32	static
../Core/Src/adc_stream.c:149:20:adc_mark_ready_and_publish	24	static
../Core/Src/adc_stream.c:171:9:adc_stream_get_profile	4	static
../Core/Src/adc_stream.c:172:10:adc_stream_get_active_samples	4	static
../Core/Src/adc_stream.c:173:10:adc_stream_get_buf_rate	4	static
../Core/Src/adc_stream.c:174:10:adc_stream_get_fs	4	static
../Core/Src/adc_stream.c:176:26:adc_stream_apply_profile	56	static
../Core/Src/adc_stream.c:253:5:adc_stream_set_profile	16	static
../Core/Src/adc_stream.c:264:6:adc_stream_init	4	static
../Core/Src/adc_stream.c:270:19:adc_stream_start	24	static
../Core/Src/adc_stream.c:299:19:adc_stream_restart	16	static
../Core/Src/adc_stream.c:306:23:is_buffer_all_zeros	24	static
../Core/Src/adc_stream.c:314:9:adc_get_frame_ch	40	static
../Core/Src/adc_stream.c:337:9:adc_get_frame	32	static
../Core/Src/adc_stream.c:358:6:adc_stream_get_debug	16	static
../Core/Src/adc_stream.c:379:28:adc_stream_on_new_frames	16	static
../Core/Src/adc_stream.c:382:6:HAL_ADC_ConvHalfCpltCallback	16	static
../Core/Src/adc_stream.c:408:6:HAL_ADC_ConvCpltCallback	96	static
