C:/Users/Admin/STM32Cube/Repository/STM32Cube_FW_H7_V1.12.1/Drivers/CMSIS/Include/core_cm7.h:2156:34:__NVIC_SystemReset	4	static,ignoring_inline_asm
../Core/Src/main.c:137:23:rs485_sync_read_local_pa3_phase	4	static
../Core/Src/main.c:142:23:rs485_sync_edge_kind_from_marker_level	16	static
../Core/Src/main.c:147:17:rs485_sync_get_uart_packet_ticks	72	static
../Core/Src/main.c:163:17:rs485_sync_get_auto_target_phase_ticks	32	static
../Core/Src/main.c:229:13:FlushStageLog	4	static
../Core/Src/main.c:246:13:diag_busy_delay	24	static,ignoring_inline_asm
../Core/Src/main.c:247:13:diag_config_led_pe3	16	static
../Core/Src/main.c:255:13:diag_trap	24	static
../Core/Src/main.c:286:13:reset_trace_record	24	static
../Core/Src/main.c:299:20:reset_cause_str	16	static
../Core/Src/main.c:309:13:log_reset_cause	128	static
../Core/Src/main.c:356:13:boot_diag_init	32	static
../Core/Src/main.c:378:13:boot_diag_periodic	24	static
../Core/Src/main.c:386:13:boot_diag_finalize_before_reset	24	static
../Core/Src/main.c:475:6:uart1_raw_putc	24	static
../Core/Src/main.c:482:20:LED_ON	8	static
../Core/Src/main.c:483:20:LED_OFF	8	static
../Core/Src/main.c:529:20:uart1_rx_led_pulse	8	static
../Core/Src/main.c:534:13:rs485_sync_on_packet_received	24	static
../Core/Src/main.c:588:17:rs485_compute_uid_mix	24	static
../Core/Src/main.c:597:16:rs485_compute_local_node_id	16	static
../Core/Src/main.c:603:17:rs485_compute_master_claim_delay_ms	16	static
../Core/Src/main.c:610:10:rs485_get_master_claim_delay_ms	4	static
../Core/Src/main.c:615:16:rs485_count_bits_u32	24	static
../Core/Src/main.c:625:13:rs485_discovery_reset_master_scan	4	static
../Core/Src/main.c:635:13:rs485_tx_queue_push	16	static
../Core/Src/main.c:646:16:rs485_tx_queue_pop	16	static
../Core/Src/main.c:658:13:rs485_sync_start_tx_byte	16	static
../Core/Src/main.c:673:13:rs485_tx_kick	16	static
../Core/Src/main.c:687:13:rs485_discovery_on_request	24	static
../Core/Src/main.c:715:13:rs485_discovery_on_response	24	static
../Core/Src/main.c:737:13:rs485_discovery_on_sync_received	4	static
../Core/Src/main.c:742:13:rs485_sync_service_tx	8	static
../Core/Src/main.c:747:13:rs485_sync_auto_role_service	16	static
../Core/Src/main.c:819:13:arr_auto_apply_tim15	16	static
../Core/Src/main.c:827:16:arr_auto_abs_i32	16	static
../Core/Src/main.c:831:13:tim15_apply_hold_target_if_possible	24	static
../Core/Src/main.c:850:13:tim15_request_hold_offset	16	static
../Core/Src/main.c:856:16:tim15_schedule_arr_pulse	24	static
../Core/Src/main.c:879:41:arr_auto_choose_best	64	static
../Core/Src/main.c:928:13:arr_auto_tune_service	16	static
../Core/Src/main.c:962:13:phase_micro_adjust_service	136	static
../Core/Src/main.c:1216:13:tune_led_service	16	static
../Core/Src/main.c:1236:6:rs485_sync_on_buffer_complete	32	static
../Core/Src/main.c:1296:10:tim2_apply_profile_window	96	static
../Core/Src/main.c:1348:5:main	264	static,ignoring_inline_asm
../Core/Src/main.c:2357:6:SystemClock_Config	120	static
../Core/Src/main.c:2421:6:PeriphCommonClock_Config	192	static
../Core/Src/main.c:2453:13:MX_ADC1_Init	56	static
../Core/Src/main.c:2528:13:MX_ADC2_Init	48	static
../Core/Src/main.c:2586:13:MX_DAC1_Init	48	static
../Core/Src/main.c:2634:13:MX_IWDG1_Init	8	static
../Core/Src/main.c:2662:13:MX_SPI2_Init	8	static
../Core/Src/main.c:2707:13:MX_SPI4_Init	8	static
../Core/Src/main.c:2752:13:MX_TIM1_Init	104	static
../Core/Src/main.c:2824:13:MX_TIM2_Init	72	static
../Core/Src/main.c:2904:13:MX_TIM3_Init	72	static
../Core/Src/main.c:2969:13:MX_TIM6_Init	24	static
../Core/Src/main.c:3007:13:MX_TIM15_Init	56	static
../Core/Src/main.c:3065:13:MX_TIM5_Init	8	static
../Core/Src/main.c:3094:13:MX_USART1_UART_Init	8	static
../Core/Src/main.c:3145:13:MX_USART2_UART_Init	8	static
../Core/Src/main.c:3183:13:MX_DMA_Init	16	static
../Core/Src/main.c:3207:13:MX_GPIO_Init	56	static
../Core/Src/main.c:3338:13:UpdateUSBDebug	4	static
../Core/Src/main.c:3339:20:usb_state_str	16	static
../Core/Src/main.c:3345:6:HAL_TIM_PeriodElapsedCallback	16	static
../Core/Src/main.c:3388:6:HAL_TIM_PWM_PulseFinishedCallback	16	static
../Core/Src/main.c:3394:6:HAL_UART_RxCpltCallback	16	static
../Core/Src/main.c:3432:6:HAL_UART_TxCpltCallback	16	static
../Core/Src/main.c:3445:13:lcd_print_padded_if_changed	80	static
../Core/Src/main.c:3468:6:UpdateLCDStatus	4	static
../Core/Src/main.c:3470:6:DrawStarIndicator	24	static
../Core/Src/main.c:3519:6:DrawUSBStatus	336	static
../Core/Src/main.c:3763:13:MPU_Config	24	static
../Core/Src/main.c:3810:6:Error_Handler	96	static,ignoring_inline_asm
