C:/Users/Admin/STM32Cube/Repository/STM32Cube_FW_H7_V1.12.1/Drivers/CMSIS/Include/core_cm7.h:2156:34:__NVIC_SystemReset	4	static,ignoring_inline_asm
../Core/Src/main.c:239:23:rs485_sync_read_local_marker_phase	8	static
../Core/Src/main.c:244:23:rs485_sync_edge_kind_from_marker_level	16	static
../Core/Src/main.c:249:17:rs485_sync_get_tim5_tick_hz	16	static
../Core/Src/main.c:261:17:rs485_sync_get_uart_packet_ticks	64	static
../Core/Src/main.c:273:17:rs485_sync_get_uart_bit_ticks	16	static
../Core/Src/main.c:284:16:rs485_sync_wrap_phase_ticks	24	static
../Core/Src/main.c:303:41:rs485_sync_get_auto_target_phase_ticks	32	static
../Core/Src/main.c:331:9:tim15_get_default_target_phase_ticks	32	static
../Core/Src/main.c:425:13:FlushStageLog	4	static
../Core/Src/main.c:442:13:diag_busy_delay	24	static,ignoring_inline_asm
../Core/Src/main.c:443:13:diag_config_led_pe3	16	static
../Core/Src/main.c:451:13:diag_trap	24	static
../Core/Src/main.c:482:13:reset_trace_record	24	static
../Core/Src/main.c:495:20:reset_cause_str	16	static
../Core/Src/main.c:505:13:log_reset_cause	128	static
../Core/Src/main.c:552:13:boot_diag_init	32	static
../Core/Src/main.c:574:13:boot_diag_periodic	24	static
../Core/Src/main.c:582:13:boot_diag_finalize_before_reset	24	static
../Core/Src/main.c:711:6:uart1_raw_putc	24	static
../Core/Src/main.c:718:20:LED_ON	8	static
../Core/Src/main.c:719:20:LED_OFF	8	static
../Core/Src/main.c:778:20:uart1_rx_led_pulse	8	static
../Core/Src/main.c:783:9:dynamic_led_set_pattern	24	static
../Core/Src/main.c:795:9:dynamic_led_get_pattern	4	static
../Core/Src/main.c:800:9:optic_sensor_get_state	4	static
../Core/Src/main.c:805:9:optic_sensor_set_hold_seconds	24	static
../Core/Src/main.c:813:9:optic_sensor_get_hold_seconds	16	static
../Core/Src/main.c:819:10:optic_sensor_set_hold_deciseconds	16	static
../Core/Src/main.c:831:10:optic_sensor_get_hold_deciseconds	4	static
../Core/Src/main.c:836:17:optic_tim1_get_input_clk_hz	16	static
../Core/Src/main.c:847:13:optic_sensor_service	24	static
../Core/Src/main.c:858:13:optic_tx_apply_runtime_pattern	24	static
../Core/Src/main.c:882:16:optic_tx_power_to_percent	16	static
../Core/Src/main.c:887:17:optic_tx_power_badge_color	24	static
../Core/Src/main.c:903:9:optic_tx_set_power	16	static
../Core/Src/main.c:910:9:optic_tx_get_power	4	static
../Core/Src/main.c:915:20:ws2812_test_pattern_name	16	static
../Core/Src/main.c:943:13:ws2812_test_button_service	32	static
../Core/Src/main.c:993:13:optic_tx_start	24	static
../Core/Src/main.c:1040:13:rs485_sync_on_packet_received	40	static
../Core/Src/main.c:1140:17:rs485_compute_uid_mix	24	static
../Core/Src/main.c:1149:13:rs485_load_local_uid	24	static
../Core/Src/main.c:1163:16:rs485_compute_local_node_id	16	static
../Core/Src/main.c:1169:17:rs485_compute_master_claim_delay_ms	16	static
../Core/Src/main.c:1176:10:rs485_get_master_claim_delay_ms	4	static
../Core/Src/main.c:1181:16:rs485_count_bits_u32	24	static
../Core/Src/main.c:1191:17:rs485_status_get_effective_period_ticks	56	static
../Core/Src/main.c:1207:17:rs485_status_get_window_ticks	24	static
../Core/Src/main.c:1224:13:rs485_status_wait_byte_times	104	static
../Core/Src/main.c:1250:16:rs485_status_count_recent_peers	32	static
../Core/Src/main.c:1265:16:rs485_status_build_local_byte	16	static
../Core/Src/main.c:1279:9:rs485_status_get_snapshot	48	static
../Core/Src/main.c:1336:16:rs485_is_sync_byte	16	static
../Core/Src/main.c:1341:13:rs485_process_received_byte	24	static
../Core/Src/main.c:1374:13:rs485_dma_rx_start	4	static
../Core/Src/main.c:1405:13:rs485_dma_rx_service	4	static
../Core/Src/main.c:1435:6:rs485_usart2_irq_rx_service	16	static
../Core/Src/main.c:1453:13:rs485_status_reset_window_state	4	static
../Core/Src/main.c:1471:13:rs485_status_reset_slot_state	4	static
../Core/Src/main.c:1485:13:rs485_status_finalize_window	24	static
../Core/Src/main.c:1571:13:rs485_status_begin_window	24	static,ignoring_inline_asm
../Core/Src/main.c:1629:13:rs485_status_on_received	24	static
../Core/Src/main.c:1646:13:rs485_status_service	16	static
../Core/Src/main.c:1675:13:rs485_discovery_reset_master_scan	4	static
../Core/Src/main.c:1685:13:rs485_uid_rx_reset	4	static
../Core/Src/main.c:1691:16:rs485_uid_checksum	24	static
../Core/Src/main.c:1702:15:rs485_compare_uid_words	24	static
../Core/Src/main.c:1717:13:rs485_uid_schedule_announce	32	static
../Core/Src/main.c:1735:13:rs485_uid_service	24	static
../Core/Src/main.c:1761:13:rs485_uid_handle_received	40	static
../Core/Src/main.c:1790:17:rs485_uid_get_announce_delay_ms	16	static
../Core/Src/main.c:1796:13:rs485_uid_begin_arbitration_window	16	static
../Core/Src/main.c:1801:13:rs485_tx_queue_push	16	static
../Core/Src/main.c:1813:13:rs485_tx_queue_push_front	16	static
../Core/Src/main.c:1824:16:rs485_tx_queue_pop	16	static
../Core/Src/main.c:1836:13:rs485_sync_start_tx_byte	16	static
../Core/Src/main.c:1851:13:rs485_tx_kick	16	static
../Core/Src/main.c:1865:13:rs485_discovery_on_request	24	static
../Core/Src/main.c:1893:13:rs485_discovery_on_response	24	static
../Core/Src/main.c:1915:13:rs485_discovery_on_sync_received	4	static
../Core/Src/main.c:1920:13:rs485_sync_service_tx	16	static
../Core/Src/main.c:1941:13:rs485_sync_auto_role_service	16	static
../Core/Src/main.c:2051:17:tim15_sync_get_uart_bit_ticks_or_sample	24	static
../Core/Src/main.c:2065:17:tim15_sync_get_deadband_ticks	32	static
../Core/Src/main.c:2091:16:tim15_sync_clamp_i32	16	static
../Core/Src/main.c:2102:13:arr_auto_apply_tim15	16	static
../Core/Src/main.c:2115:16:arr_auto_abs_i32	16	static
../Core/Src/main.c:2120:16:tim15_compute_phase_pulse_delta	56	static
../Core/Src/main.c:2182:17:tim15_phase_pulse_spacing_buffers	40	static
../Core/Src/main.c:2207:13:tim15_apply_hold_target_if_possible	4	static
../Core/Src/main.c:2213:13:tim15_request_hold_offset	16	static
../Core/Src/main.c:2220:16:tim15_schedule_arr_pulse	24	static
../Core/Src/main.c:2260:13:sync_phase_handle_irq_fast	80	static
../Core/Src/main.c:2360:41:arr_auto_choose_best	64	static
../Core/Src/main.c:2409:13:arr_auto_tune_service	4	static
../Core/Src/main.c:2417:13:phase_micro_adjust_service	16	static
../Core/Src/main.c:2456:13:sync_phase_monitor_service	32	static,ignoring_inline_asm
../Core/Src/main.c:2527:13:tune_led_service	16	static
../Core/Src/main.c:2553:13:tim2_led_breathe_service	16	static
../Core/Src/main.c:2567:13:ws2812_status_service	24	static
../Core/Src/main.c:2592:16:diag_get_alarm_text	32	static
../Core/Src/main.c:2650:13:diag_alarm_com_service	88	static
../Core/Src/main.c:2688:13:ws2812_gpio_test_init	4	static
../Core/Src/main.c:2705:13:ws2812_gpio_test_wait_cycles	24	static,ignoring_inline_asm
../Core/Src/main.c:2713:13:ws2812_gpio_test_send_byte	40	static
../Core/Src/main.c:2737:13:ws2812_gpio_test_send_rgb	16	static,ignoring_inline_asm
../Core/Src/main.c:2747:13:ws2812_gpio_test_service	16	static
../Core/Src/main.c:2782:13:pb2_spi3_direct_test_service	16	static
../Core/Src/main.c:2802:6:rs485_sync_on_buffer_complete	24	static
../Core/Src/main.c:2836:10:tim2_apply_profile_window	96	static
../Core/Src/main.c:2887:5:main	256	static,ignoring_inline_asm
../Core/Src/main.c:3931:6:SystemClock_Config	120	static
../Core/Src/main.c:3995:6:PeriphCommonClock_Config	192	static
../Core/Src/main.c:4035:13:MX_ADC1_Init	56	static
../Core/Src/main.c:4110:13:MX_ADC2_Init	48	static
../Core/Src/main.c:4168:13:MX_DAC1_Init	48	static
../Core/Src/main.c:4216:13:MX_IWDG1_Init	8	static
../Core/Src/main.c:4244:13:MX_SPI1_Init	8	static
../Core/Src/main.c:4289:13:MX_SPI3_Init	8	static
../Core/Src/main.c:4334:13:MX_SPI4_Init	8	static
../Core/Src/main.c:4379:13:MX_TIM1_Init	136	static
../Core/Src/main.c:4478:13:MX_TIM2_Init	72	static
../Core/Src/main.c:4559:13:MX_TIM3_Init	104	static
../Core/Src/main.c:4635:13:MX_TIM6_Init	24	static
../Core/Src/main.c:4673:13:MX_TIM15_Init	88	static
../Core/Src/main.c:4749:13:MX_TIM5_Init	8	static
../Core/Src/main.c:4778:13:MX_USART1_UART_Init	8	static
../Core/Src/main.c:4829:13:MX_USART2_UART_Init	8	static
../Core/Src/main.c:4865:13:MX_DMA_Init	16	static
../Core/Src/main.c:4895:13:MX_GPIO_Init	56	static
../Core/Src/main.c:5044:13:UpdateUSBDebug	4	static
../Core/Src/main.c:5045:20:usb_state_str	16	static
../Core/Src/main.c:5051:6:HAL_TIM_PeriodElapsedCallback	16	static
../Core/Src/main.c:5096:6:HAL_TIM_PWM_PulseFinishedCallback	16	static
../Core/Src/main.c:5102:6:HAL_UART_RxCpltCallback	16	static
../Core/Src/main.c:5128:6:HAL_UART_TxCpltCallback	24	static
../Core/Src/main.c:5154:6:HAL_UART_ErrorCallback	16	static
../Core/Src/main.c:5181:6:HAL_GPIO_EXTI_Callback	24	static
../Core/Src/main.c:5192:13:lcd_print_padded_if_changed	80	static
../Core/Src/main.c:5215:13:lcd_draw_badge_if_changed	88	static
../Core/Src/main.c:5250:16:vnd_lcd_sync_color_to_id	16	static
../Core/Src/main.c:5263:6:vnd_get_lcd_sync_snapshot	40	static
../Core/Src/main.c:5379:6:UpdateLCDStatus	4	static
../Core/Src/main.c:5381:6:DrawStarIndicator	24	static
../Core/Src/main.c:5430:6:DrawUSBStatus	368	static
../Core/Src/main.c:5686:13:MPU_Config	24	static
../Core/Src/main.c:5733:6:Error_Handler	96	static,ignoring_inline_asm
