C:/Users/Admin/STM32Cube/Repository/STM32Cube_FW_H7_V1.12.1/Drivers/CMSIS/Include/core_cm7.h:2156:34:__NVIC_SystemReset	4	static,ignoring_inline_asm
../Core/Src/main.c:140:23:rs485_sync_read_local_marker_phase	4	static
../Core/Src/main.c:145:23:rs485_sync_edge_kind_from_marker_level	16	static
../Core/Src/main.c:150:17:rs485_sync_get_uart_packet_ticks	72	static
../Core/Src/main.c:166:17:rs485_sync_get_auto_target_phase_ticks	32	static
../Core/Src/main.c:232:13:FlushStageLog	4	static
../Core/Src/main.c:249:13:diag_busy_delay	24	static,ignoring_inline_asm
../Core/Src/main.c:250:13:diag_config_led_pe3	16	static
../Core/Src/main.c:258:13:diag_trap	24	static
../Core/Src/main.c:289:13:reset_trace_record	24	static
../Core/Src/main.c:302:20:reset_cause_str	16	static
../Core/Src/main.c:312:13:log_reset_cause	128	static
../Core/Src/main.c:359:13:boot_diag_init	32	static
../Core/Src/main.c:381:13:boot_diag_periodic	24	static
../Core/Src/main.c:389:13:boot_diag_finalize_before_reset	24	static
../Core/Src/main.c:478:6:uart1_raw_putc	24	static
../Core/Src/main.c:485:20:LED_ON	8	static
../Core/Src/main.c:486:20:LED_OFF	8	static
../Core/Src/main.c:532:20:uart1_rx_led_pulse	8	static
../Core/Src/main.c:537:13:rs485_sync_on_packet_received	24	static
../Core/Src/main.c:594:17:rs485_compute_uid_mix	24	static
../Core/Src/main.c:603:16:rs485_compute_local_node_id	16	static
../Core/Src/main.c:609:17:rs485_compute_master_claim_delay_ms	16	static
../Core/Src/main.c:616:10:rs485_get_master_claim_delay_ms	4	static
../Core/Src/main.c:621:16:rs485_count_bits_u32	24	static
../Core/Src/main.c:631:13:rs485_discovery_reset_master_scan	4	static
../Core/Src/main.c:641:13:rs485_tx_queue_push	16	static
../Core/Src/main.c:652:16:rs485_tx_queue_pop	16	static
../Core/Src/main.c:664:13:rs485_sync_start_tx_byte	16	static
../Core/Src/main.c:679:13:rs485_tx_kick	16	static
../Core/Src/main.c:693:13:rs485_discovery_on_request	24	static
../Core/Src/main.c:721:13:rs485_discovery_on_response	24	static
../Core/Src/main.c:743:13:rs485_discovery_on_sync_received	4	static
../Core/Src/main.c:748:13:rs485_sync_service_tx	8	static
../Core/Src/main.c:753:13:rs485_sync_auto_role_service	16	static
../Core/Src/main.c:825:13:arr_auto_apply_tim15	16	static
../Core/Src/main.c:833:16:arr_auto_abs_i32	16	static
../Core/Src/main.c:837:13:tim15_apply_hold_target_if_possible	24	static
../Core/Src/main.c:856:13:tim15_request_hold_offset	16	static
../Core/Src/main.c:862:16:tim15_schedule_arr_pulse	24	static
../Core/Src/main.c:885:41:arr_auto_choose_best	64	static
../Core/Src/main.c:934:13:arr_auto_tune_service	16	static
../Core/Src/main.c:968:13:phase_micro_adjust_service	136	static
../Core/Src/main.c:1222:13:tune_led_service	16	static
../Core/Src/main.c:1248:13:tim2_led_breathe_service	96	static
../Core/Src/main.c:1341:6:rs485_sync_on_buffer_complete	32	static
../Core/Src/main.c:1401:10:tim2_apply_profile_window	96	static
../Core/Src/main.c:1452:5:main	264	static,ignoring_inline_asm
../Core/Src/main.c:2459:6:SystemClock_Config	120	static
../Core/Src/main.c:2523:6:PeriphCommonClock_Config	192	static
../Core/Src/main.c:2555:13:MX_ADC1_Init	56	static
../Core/Src/main.c:2630:13:MX_ADC2_Init	48	static
../Core/Src/main.c:2688:13:MX_DAC1_Init	48	static
../Core/Src/main.c:2736:13:MX_IWDG1_Init	8	static
../Core/Src/main.c:2764:13:MX_SPI2_Init	8	static
../Core/Src/main.c:2809:13:MX_SPI4_Init	8	static
../Core/Src/main.c:2854:13:MX_TIM1_Init	104	static
../Core/Src/main.c:2926:13:MX_TIM2_Init	72	static
../Core/Src/main.c:3007:13:MX_TIM3_Init	72	static
../Core/Src/main.c:3072:13:MX_TIM6_Init	24	static
../Core/Src/main.c:3110:13:MX_TIM15_Init	56	static
../Core/Src/main.c:3168:13:MX_TIM5_Init	8	static
../Core/Src/main.c:3197:13:MX_USART1_UART_Init	8	static
../Core/Src/main.c:3248:13:MX_USART2_UART_Init	8	static
../Core/Src/main.c:3286:13:MX_DMA_Init	16	static
../Core/Src/main.c:3310:13:MX_GPIO_Init	56	static
../Core/Src/main.c:3449:13:UpdateUSBDebug	4	static
../Core/Src/main.c:3450:20:usb_state_str	16	static
../Core/Src/main.c:3456:6:HAL_TIM_PeriodElapsedCallback	16	static
../Core/Src/main.c:3499:6:HAL_TIM_PWM_PulseFinishedCallback	16	static
../Core/Src/main.c:3505:6:HAL_UART_RxCpltCallback	16	static
../Core/Src/main.c:3543:6:HAL_UART_TxCpltCallback	16	static
../Core/Src/main.c:3556:13:lcd_print_padded_if_changed	80	static
../Core/Src/main.c:3579:6:UpdateLCDStatus	4	static
../Core/Src/main.c:3581:6:DrawStarIndicator	24	static
../Core/Src/main.c:3630:6:DrawUSBStatus	344	static
../Core/Src/main.c:3938:13:MPU_Config	24	static
../Core/Src/main.c:3985:6:Error_Handler	96	static,ignoring_inline_asm
