C:/Users/TEST/STM32Cube/Repository/STM32Cube_FW_H7_V1.12.1/Drivers/CMSIS/Include/core_cm7.h:2156:34:__NVIC_SystemReset	4	static
../Core/Src/main.c:93:13:FlushStageLog	4	static
../Core/Src/main.c:110:13:diag_busy_delay	24	static
../Core/Src/main.c:111:13:diag_config_led_pe3	16	static
../Core/Src/main.c:118:13:diag_trap	24	static
../Core/Src/main.c:149:13:reset_trace_record	24	static
../Core/Src/main.c:162:20:reset_cause_str	16	static
../Core/Src/main.c:172:13:log_reset_cause	128	static
../Core/Src/main.c:219:13:boot_diag_init	32	static
../Core/Src/main.c:241:13:boot_diag_periodic	24	static
../Core/Src/main.c:249:13:boot_diag_finalize_before_reset	24	static
../Core/Src/main.c:334:6:uart1_raw_putc	24	static
../Core/Src/main.c:341:20:LED_ON	8	static
../Core/Src/main.c:342:20:LED_OFF	8	static
../Core/Src/main.c:385:20:uart1_rx_led_pulse	8	static
../Core/Src/main.c:395:5:main	224	static
../Core/Src/main.c:1212:6:SystemClock_Config	120	static
../Core/Src/main.c:1276:6:PeriphCommonClock_Config	192	static
../Core/Src/main.c:1308:13:MX_ADC1_Init	56	static
../Core/Src/main.c:1374:13:MX_ADC2_Init	48	static
../Core/Src/main.c:1432:13:MX_DAC1_Init	48	static
../Core/Src/main.c:1480:13:MX_IWDG1_Init	8	static
../Core/Src/main.c:1508:13:MX_SPI2_Init	8	static
../Core/Src/main.c:1553:13:MX_SPI4_Init	8	static
../Core/Src/main.c:1598:13:MX_TIM1_Init	104	static
../Core/Src/main.c:1670:13:MX_TIM2_Init	72	static
../Core/Src/main.c:1744:13:MX_TIM3_Init	72	static
../Core/Src/main.c:1809:13:MX_TIM6_Init	24	static
../Core/Src/main.c:1847:13:MX_TIM15_Init	136	static
../Core/Src/main.c:1931:13:MX_USART1_UART_Init	8	static
../Core/Src/main.c:1980:13:MX_DMA_Init	16	static
../Core/Src/main.c:2001:13:MX_GPIO_Init	56	static
../Core/Src/main.c:2080:13:UpdateUSBDebug	4	static
../Core/Src/main.c:2081:20:usb_state_str	16	static
../Core/Src/main.c:2086:6:HAL_TIM_PeriodElapsedCallback	16	static
../Core/Src/main.c:2109:6:HAL_TIM_PWM_PulseFinishedCallback	24	static
../Core/Src/main.c:2129:6:HAL_UART_RxCpltCallback	16	static
../Core/Src/main.c:2155:13:lcd_print_padded_if_changed	80	static
../Core/Src/main.c:2173:6:UpdateLCDStatus	4	static
../Core/Src/main.c:2175:6:DrawStarIndicator	24	static
../Core/Src/main.c:2224:6:DrawUSBStatus	272	static
../Core/Src/main.c:2346:6:MPU_Config	24	static
../Core/Src/main.c:2377:6:Error_Handler	32	static
