C:/Users/TEST/STM32Cube/Repository/STM32Cube_FW_H7_V1.12.1/Drivers/CMSIS/Include/core_cm7.h:2156:34:__NVIC_SystemReset	4	static
../Core/Src/main.c:91:13:FlushStageLog	4	static
../Core/Src/main.c:108:13:diag_busy_delay	24	static
../Core/Src/main.c:109:13:diag_config_led_pe3	16	static
../Core/Src/main.c:116:13:diag_trap	24	static
../Core/Src/main.c:147:13:reset_trace_record	24	static
../Core/Src/main.c:160:20:reset_cause_str	16	static
../Core/Src/main.c:170:13:log_reset_cause	128	static
../Core/Src/main.c:217:13:boot_diag_init	32	static
../Core/Src/main.c:239:13:boot_diag_periodic	24	static
../Core/Src/main.c:247:13:boot_diag_finalize_before_reset	24	static
../Core/Src/main.c:332:6:uart1_raw_putc	24	static
../Core/Src/main.c:339:20:LED_ON	8	static
../Core/Src/main.c:340:20:LED_OFF	8	static
../Core/Src/main.c:383:20:uart1_rx_led_pulse	8	static
../Core/Src/main.c:393:5:main	216	static
../Core/Src/main.c:1172:6:SystemClock_Config	120	static
../Core/Src/main.c:1236:6:PeriphCommonClock_Config	192	static
../Core/Src/main.c:1268:13:MX_ADC1_Init	56	static
../Core/Src/main.c:1334:13:MX_ADC2_Init	48	static
../Core/Src/main.c:1391:13:MX_DAC1_Init	48	static
../Core/Src/main.c:1439:13:MX_IWDG1_Init	8	static
../Core/Src/main.c:1467:13:MX_SPI2_Init	8	static
../Core/Src/main.c:1512:13:MX_SPI4_Init	8	static
../Core/Src/main.c:1557:13:MX_TIM1_Init	104	static
../Core/Src/main.c:1629:13:MX_TIM2_Init	72	static
../Core/Src/main.c:1700:13:MX_TIM3_Init	72	static
../Core/Src/main.c:1765:13:MX_TIM6_Init	24	static
../Core/Src/main.c:1803:13:MX_TIM15_Init	136	static
../Core/Src/main.c:1884:13:MX_USART1_UART_Init	8	static
../Core/Src/main.c:1933:13:MX_DMA_Init	16	static
../Core/Src/main.c:1953:13:MX_GPIO_Init	56	static
../Core/Src/main.c:2032:13:UpdateUSBDebug	4	static
../Core/Src/main.c:2033:20:usb_state_str	16	static
../Core/Src/main.c:2038:6:HAL_TIM_PeriodElapsedCallback	16	static
../Core/Src/main.c:2065:6:HAL_UART_RxCpltCallback	16	static
../Core/Src/main.c:2091:13:lcd_print_padded_if_changed	80	static
../Core/Src/main.c:2109:6:UpdateLCDStatus	4	static
../Core/Src/main.c:2111:6:DrawStarIndicator	24	static
../Core/Src/main.c:2160:6:DrawUSBStatus	240	static
../Core/Src/main.c:2281:6:MPU_Config	24	static
../Core/Src/main.c:2312:6:Error_Handler	32	static
