C:/Users/Admin/STM32Cube/Repository/STM32Cube_FW_H7_V1.12.1/Drivers/CMSIS/Include/core_cm7.h:2156:34:__NVIC_SystemReset	4	static,ignoring_inline_asm
../Core/Src/main.c:234:23:rs485_sync_read_local_marker_phase	4	static
../Core/Src/main.c:239:23:rs485_sync_edge_kind_from_marker_level	16	static
../Core/Src/main.c:244:17:rs485_sync_get_tim5_tick_hz	16	static
../Core/Src/main.c:256:17:rs485_sync_get_uart_packet_ticks	64	static
../Core/Src/main.c:268:16:rs485_sync_wrap_phase_ticks	24	static
../Core/Src/main.c:287:41:rs485_sync_get_auto_target_phase_ticks	32	static
../Core/Src/main.c:318:9:tim15_get_default_target_phase_ticks	24	static
../Core/Src/main.c:407:13:FlushStageLog	4	static
../Core/Src/main.c:424:13:diag_busy_delay	24	static,ignoring_inline_asm
../Core/Src/main.c:425:13:diag_config_led_pe3	16	static
../Core/Src/main.c:433:13:diag_trap	24	static
../Core/Src/main.c:464:13:reset_trace_record	24	static
../Core/Src/main.c:477:20:reset_cause_str	16	static
../Core/Src/main.c:487:13:log_reset_cause	128	static
../Core/Src/main.c:534:13:boot_diag_init	32	static
../Core/Src/main.c:556:13:boot_diag_periodic	24	static
../Core/Src/main.c:564:13:boot_diag_finalize_before_reset	24	static
../Core/Src/main.c:694:6:uart1_raw_putc	24	static
../Core/Src/main.c:701:20:LED_ON	8	static
../Core/Src/main.c:702:20:LED_OFF	8	static
../Core/Src/main.c:762:20:uart1_rx_led_pulse	8	static
../Core/Src/main.c:767:9:optic_sensor_get_state	4	static
../Core/Src/main.c:772:17:optic_tim1_get_input_clk_hz	16	static
../Core/Src/main.c:783:13:optic_sensor_service	16	static
../Core/Src/main.c:794:26:optic_tx_dma_setup	8	static
../Core/Src/main.c:820:17:optic_tx_compute_on_cycles	24	static
../Core/Src/main.c:839:13:optic_tx_prepare_burst_pattern	24	static
../Core/Src/main.c:852:13:optic_tx_apply_runtime_pattern	16	static
../Core/Src/main.c:879:16:optic_tx_power_to_percent	16	static
../Core/Src/main.c:884:17:optic_tx_power_badge_color	24	static
../Core/Src/main.c:900:9:optic_tx_set_power	16	static
../Core/Src/main.c:907:9:optic_tx_get_power	4	static
../Core/Src/main.c:912:20:ws2812_test_pattern_name	16	static
../Core/Src/main.c:940:13:ws2812_test_button_service	32	static
../Core/Src/main.c:990:13:optic_tx_start	40	static
../Core/Src/main.c:1053:13:rs485_sync_on_packet_received	40	static
../Core/Src/main.c:1135:17:rs485_compute_uid_mix	24	static
../Core/Src/main.c:1144:13:rs485_load_local_uid	24	static
../Core/Src/main.c:1158:16:rs485_compute_local_node_id	16	static
../Core/Src/main.c:1164:17:rs485_compute_master_claim_delay_ms	16	static
../Core/Src/main.c:1171:10:rs485_get_master_claim_delay_ms	4	static
../Core/Src/main.c:1176:16:rs485_count_bits_u32	24	static
../Core/Src/main.c:1186:17:rs485_status_get_effective_period_ticks	56	static
../Core/Src/main.c:1202:17:rs485_status_get_window_ticks	24	static
../Core/Src/main.c:1219:13:rs485_status_wait_byte_times	104	static
../Core/Src/main.c:1245:16:rs485_status_count_recent_peers	32	static
../Core/Src/main.c:1260:16:rs485_status_build_local_byte	16	static
../Core/Src/main.c:1274:16:rs485_is_sync_byte	16	static
../Core/Src/main.c:1279:13:rs485_process_received_byte	24	static
../Core/Src/main.c:1312:13:rs485_dma_rx_start	8	static
../Core/Src/main.c:1332:13:rs485_dma_rx_service	4	static
../Core/Src/main.c:1362:13:rs485_status_reset_window_state	4	static
../Core/Src/main.c:1380:13:rs485_status_reset_slot_state	4	static
../Core/Src/main.c:1394:13:rs485_status_finalize_window	24	static
../Core/Src/main.c:1480:13:rs485_status_begin_window	24	static,ignoring_inline_asm
../Core/Src/main.c:1538:13:rs485_status_on_received	24	static
../Core/Src/main.c:1555:13:rs485_status_service	16	static
../Core/Src/main.c:1584:13:rs485_discovery_reset_master_scan	4	static
../Core/Src/main.c:1594:13:rs485_uid_rx_reset	4	static
../Core/Src/main.c:1600:16:rs485_uid_checksum	24	static
../Core/Src/main.c:1611:15:rs485_compare_uid_words	24	static
../Core/Src/main.c:1626:13:rs485_uid_schedule_announce	32	static
../Core/Src/main.c:1644:13:rs485_uid_service	24	static
../Core/Src/main.c:1670:13:rs485_uid_handle_received	40	static
../Core/Src/main.c:1699:17:rs485_uid_get_announce_delay_ms	16	static
../Core/Src/main.c:1705:13:rs485_uid_begin_arbitration_window	16	static
../Core/Src/main.c:1710:13:rs485_tx_queue_push	16	static
../Core/Src/main.c:1722:13:rs485_tx_queue_push_front	16	static
../Core/Src/main.c:1733:16:rs485_tx_queue_pop	16	static
../Core/Src/main.c:1745:13:rs485_sync_start_tx_byte	16	static
../Core/Src/main.c:1760:13:rs485_tx_kick	16	static
../Core/Src/main.c:1774:13:rs485_discovery_on_request	24	static
../Core/Src/main.c:1802:13:rs485_discovery_on_response	24	static
../Core/Src/main.c:1824:13:rs485_discovery_on_sync_received	4	static
../Core/Src/main.c:1829:13:rs485_sync_service_tx	16	static
../Core/Src/main.c:1850:13:rs485_sync_auto_role_service	16	static
../Core/Src/main.c:1955:17:tim15_sync_get_deadband_ticks	24	static
../Core/Src/main.c:1982:16:tim15_sync_clamp_i32	16	static
../Core/Src/main.c:1993:13:arr_auto_apply_tim15	16	static
../Core/Src/main.c:2006:16:arr_auto_abs_i32	16	static
../Core/Src/main.c:2011:16:tim15_compute_phase_pulse_delta	48	static
../Core/Src/main.c:2061:17:tim15_phase_pulse_spacing_buffers	32	static
../Core/Src/main.c:2084:13:tim15_apply_hold_target_if_possible	4	static
../Core/Src/main.c:2090:13:tim15_request_hold_offset	16	static
../Core/Src/main.c:2097:16:tim15_schedule_arr_pulse	24	static
../Core/Src/main.c:2137:41:arr_auto_choose_best	64	static
../Core/Src/main.c:2186:13:arr_auto_tune_service	4	static
../Core/Src/main.c:2194:13:phase_micro_adjust_service	48	static
../Core/Src/main.c:2259:13:sync_phase_monitor_service	32	static,ignoring_inline_asm
../Core/Src/main.c:2297:13:tune_led_service	16	static
../Core/Src/main.c:2323:13:tim2_led_breathe_service	16	static
../Core/Src/main.c:2337:9:ws2812_onboard_slave_blue_active	24	static
../Core/Src/main.c:2368:13:ws2812_status_service	24	static
../Core/Src/main.c:2393:13:ws2812_gpio_test_init	4	static
../Core/Src/main.c:2410:13:ws2812_gpio_test_wait_cycles	24	static,ignoring_inline_asm
../Core/Src/main.c:2418:13:ws2812_gpio_test_send_byte	40	static
../Core/Src/main.c:2442:13:ws2812_gpio_test_send_rgb	16	static,ignoring_inline_asm
../Core/Src/main.c:2452:13:ws2812_gpio_test_service	16	static
../Core/Src/main.c:2487:13:pb2_spi3_direct_test_service	16	static
../Core/Src/main.c:2507:6:rs485_sync_on_buffer_complete	24	static
../Core/Src/main.c:2541:10:tim2_apply_profile_window	96	static
../Core/Src/main.c:2592:5:main	256	static,ignoring_inline_asm
../Core/Src/main.c:3634:6:SystemClock_Config	120	static
../Core/Src/main.c:3698:6:PeriphCommonClock_Config	192	static
../Core/Src/main.c:3738:13:MX_ADC1_Init	56	static
../Core/Src/main.c:3813:13:MX_ADC2_Init	48	static
../Core/Src/main.c:3871:13:MX_DAC1_Init	48	static
../Core/Src/main.c:3919:13:MX_IWDG1_Init	8	static
../Core/Src/main.c:3947:13:MX_SPI2_Init	8	static
../Core/Src/main.c:3992:13:MX_SPI3_Init	8	static
../Core/Src/main.c:4037:13:MX_SPI4_Init	8	static
../Core/Src/main.c:4082:13:MX_TIM1_Init	112	static
../Core/Src/main.c:4167:13:MX_TIM2_Init	72	static
../Core/Src/main.c:4248:13:MX_TIM3_Init	72	static
../Core/Src/main.c:4313:13:MX_TIM6_Init	24	static
../Core/Src/main.c:4351:13:MX_TIM15_Init	88	static
../Core/Src/main.c:4427:13:MX_TIM5_Init	8	static
../Core/Src/main.c:4456:13:MX_USART1_UART_Init	8	static
../Core/Src/main.c:4507:13:MX_USART2_UART_Init	8	static
../Core/Src/main.c:4543:13:MX_DMA_Init	16	static
../Core/Src/main.c:4573:13:MX_GPIO_Init	56	static
../Core/Src/main.c:4721:13:UpdateUSBDebug	4	static
../Core/Src/main.c:4722:20:usb_state_str	16	static
../Core/Src/main.c:4728:6:HAL_TIM_PeriodElapsedCallback	16	static
../Core/Src/main.c:4773:6:HAL_TIM_PWM_PulseFinishedCallback	16	static
../Core/Src/main.c:4779:6:HAL_UART_RxCpltCallback	16	static
../Core/Src/main.c:4812:6:HAL_UART_TxCpltCallback	24	static
../Core/Src/main.c:4838:6:HAL_UART_ErrorCallback	16	static
../Core/Src/main.c:4864:6:HAL_GPIO_EXTI_Callback	24	static
../Core/Src/main.c:4887:13:lcd_print_padded_if_changed	80	static
../Core/Src/main.c:4910:13:lcd_draw_badge_if_changed	88	static
../Core/Src/main.c:4945:6:UpdateLCDStatus	4	static
../Core/Src/main.c:4947:6:DrawStarIndicator	24	static
../Core/Src/main.c:4996:6:DrawUSBStatus	368	static
../Core/Src/main.c:5322:13:MPU_Config	24	static
../Core/Src/main.c:5369:6:Error_Handler	96	static,ignoring_inline_asm
