C:/Users/Admin/STM32Cube/Repository/STM32Cube_FW_H7_V1.12.1/Drivers/CMSIS/Include/core_cm7.h:2156:34:__NVIC_SystemReset	4	static,ignoring_inline_asm
../Core/Src/main.c:107:13:FlushStageLog	4	static
../Core/Src/main.c:124:13:diag_busy_delay	24	static,ignoring_inline_asm
../Core/Src/main.c:125:13:diag_config_led_pe3	16	static
../Core/Src/main.c:133:13:diag_trap	24	static
../Core/Src/main.c:164:13:reset_trace_record	24	static
../Core/Src/main.c:177:20:reset_cause_str	16	static
../Core/Src/main.c:187:13:log_reset_cause	128	static
../Core/Src/main.c:234:13:boot_diag_init	32	static
../Core/Src/main.c:256:13:boot_diag_periodic	24	static
../Core/Src/main.c:264:13:boot_diag_finalize_before_reset	24	static
../Core/Src/main.c:352:6:uart1_raw_putc	24	static
../Core/Src/main.c:359:20:LED_ON	8	static
../Core/Src/main.c:360:20:LED_OFF	8	static
../Core/Src/main.c:406:20:uart1_rx_led_pulse	8	static
../Core/Src/main.c:412:10:tim2_apply_profile_window	96	static
../Core/Src/main.c:464:5:main	248	static,ignoring_inline_asm
../Core/Src/main.c:1424:6:SystemClock_Config	120	static
../Core/Src/main.c:1488:6:PeriphCommonClock_Config	192	static
../Core/Src/main.c:1520:13:MX_ADC1_Init	56	static
../Core/Src/main.c:1595:13:MX_ADC2_Init	48	static
../Core/Src/main.c:1653:13:MX_DAC1_Init	48	static
../Core/Src/main.c:1701:13:MX_IWDG1_Init	8	static
../Core/Src/main.c:1729:13:MX_SPI2_Init	8	static
../Core/Src/main.c:1774:13:MX_SPI4_Init	8	static
../Core/Src/main.c:1819:13:MX_TIM1_Init	104	static
../Core/Src/main.c:1891:13:MX_TIM2_Init	72	static
../Core/Src/main.c:1971:13:MX_TIM3_Init	72	static
../Core/Src/main.c:2036:13:MX_TIM6_Init	24	static
../Core/Src/main.c:2074:13:MX_TIM15_Init	136	static
../Core/Src/main.c:2162:13:MX_TIM5_Init	8	static
../Core/Src/main.c:2191:13:MX_USART1_UART_Init	8	static
../Core/Src/main.c:2240:13:MX_DMA_Init	16	static
../Core/Src/main.c:2264:13:MX_GPIO_Init	56	static
../Core/Src/main.c:2404:13:UpdateUSBDebug	4	static
../Core/Src/main.c:2405:20:usb_state_str	16	static
../Core/Src/main.c:2411:6:HAL_TIM_PeriodElapsedCallback	16	static
../Core/Src/main.c:2443:6:HAL_TIM_PWM_PulseFinishedCallback	16	static
../Core/Src/main.c:2449:6:HAL_UART_RxCpltCallback	16	static
../Core/Src/main.c:2475:13:lcd_print_padded_if_changed	80	static
../Core/Src/main.c:2498:6:UpdateLCDStatus	4	static
../Core/Src/main.c:2500:6:DrawStarIndicator	24	static
../Core/Src/main.c:2549:6:DrawUSBStatus	328	static
../Core/Src/main.c:2779:13:MPU_Config	24	static
../Core/Src/main.c:2826:6:Error_Handler	96	static,ignoring_inline_asm
