C:/Users/Admin/STM32Cube/Repository/STM32Cube_FW_H7_V1.12.1/Drivers/CMSIS/Include/core_cm7.h:2156:34:__NVIC_SystemReset	4	static,ignoring_inline_asm
../Core/Src/main.c:163:13:FlushStageLog	4	static
../Core/Src/main.c:180:13:diag_busy_delay	24	static,ignoring_inline_asm
../Core/Src/main.c:181:13:diag_config_led_pe3	16	static
../Core/Src/main.c:189:13:diag_trap	24	static
../Core/Src/main.c:220:13:reset_trace_record	24	static
../Core/Src/main.c:233:20:reset_cause_str	16	static
../Core/Src/main.c:243:13:log_reset_cause	128	static
../Core/Src/main.c:290:13:boot_diag_init	32	static
../Core/Src/main.c:312:13:boot_diag_periodic	24	static
../Core/Src/main.c:320:13:boot_diag_finalize_before_reset	24	static
../Core/Src/main.c:409:6:uart1_raw_putc	24	static
../Core/Src/main.c:416:20:LED_ON	8	static
../Core/Src/main.c:417:20:LED_OFF	8	static
../Core/Src/main.c:463:20:uart1_rx_led_pulse	8	static
../Core/Src/main.c:468:13:rs485_sync_on_packet_received	16	static
../Core/Src/main.c:492:17:rs485_compute_uid_mix	24	static
../Core/Src/main.c:501:16:rs485_compute_local_node_id	16	static
../Core/Src/main.c:507:17:rs485_compute_master_claim_delay_ms	16	static
../Core/Src/main.c:514:10:rs485_get_master_claim_delay_ms	4	static
../Core/Src/main.c:519:16:rs485_count_bits_u32	24	static
../Core/Src/main.c:529:13:rs485_discovery_reset_master_scan	4	static
../Core/Src/main.c:539:13:rs485_tx_queue_push	16	static
../Core/Src/main.c:550:16:rs485_tx_queue_pop	16	static
../Core/Src/main.c:562:13:rs485_sync_start_tx_byte	16	static
../Core/Src/main.c:577:13:rs485_tx_kick	16	static
../Core/Src/main.c:591:13:rs485_discovery_on_request	24	static
../Core/Src/main.c:619:13:rs485_discovery_on_response	24	static
../Core/Src/main.c:641:13:rs485_discovery_on_sync_received	4	static
../Core/Src/main.c:646:13:rs485_sync_service_tx	8	static
../Core/Src/main.c:651:13:rs485_sync_auto_role_service	16	static
../Core/Src/main.c:712:13:arr_auto_apply_tim15	16	static
../Core/Src/main.c:720:16:arr_auto_abs_i32	16	static
../Core/Src/main.c:725:16:tim15_schedule_arr_pulse	24	static
../Core/Src/main.c:748:41:arr_auto_choose_best	64	static
../Core/Src/main.c:797:13:arr_auto_tune_service	16	static
../Core/Src/main.c:831:13:phase_micro_adjust_service	72	static
../Core/Src/main.c:937:13:tune_led_service	16	static
../Core/Src/main.c:949:6:rs485_sync_on_buffer_complete	16	static
../Core/Src/main.c:1000:10:tim2_apply_profile_window	96	static
../Core/Src/main.c:1052:5:main	264	static,ignoring_inline_asm
../Core/Src/main.c:2051:6:SystemClock_Config	120	static
../Core/Src/main.c:2115:6:PeriphCommonClock_Config	192	static
../Core/Src/main.c:2147:13:MX_ADC1_Init	56	static
../Core/Src/main.c:2222:13:MX_ADC2_Init	48	static
../Core/Src/main.c:2280:13:MX_DAC1_Init	48	static
../Core/Src/main.c:2328:13:MX_IWDG1_Init	8	static
../Core/Src/main.c:2356:13:MX_SPI2_Init	8	static
../Core/Src/main.c:2401:13:MX_SPI4_Init	8	static
../Core/Src/main.c:2446:13:MX_TIM1_Init	104	static
../Core/Src/main.c:2518:13:MX_TIM2_Init	72	static
../Core/Src/main.c:2598:13:MX_TIM3_Init	72	static
../Core/Src/main.c:2663:13:MX_TIM6_Init	24	static
../Core/Src/main.c:2701:13:MX_TIM15_Init	56	static
../Core/Src/main.c:2759:13:MX_TIM5_Init	8	static
../Core/Src/main.c:2788:13:MX_USART1_UART_Init	8	static
../Core/Src/main.c:2839:13:MX_USART2_UART_Init	8	static
../Core/Src/main.c:2877:13:MX_DMA_Init	16	static
../Core/Src/main.c:2901:13:MX_GPIO_Init	56	static
../Core/Src/main.c:3032:13:UpdateUSBDebug	4	static
../Core/Src/main.c:3033:20:usb_state_str	16	static
../Core/Src/main.c:3039:6:HAL_TIM_PeriodElapsedCallback	16	static
../Core/Src/main.c:3081:6:HAL_TIM_PWM_PulseFinishedCallback	16	static
../Core/Src/main.c:3087:6:HAL_UART_RxCpltCallback	16	static
../Core/Src/main.c:3125:6:HAL_UART_TxCpltCallback	16	static
../Core/Src/main.c:3138:13:lcd_print_padded_if_changed	80	static
../Core/Src/main.c:3161:6:UpdateLCDStatus	4	static
../Core/Src/main.c:3163:6:DrawStarIndicator	24	static
../Core/Src/main.c:3212:6:DrawUSBStatus	336	static
../Core/Src/main.c:3456:13:MPU_Config	24	static
../Core/Src/main.c:3503:6:Error_Handler	96	static,ignoring_inline_asm
