C:/Users/TEST/STM32Cube/Repository/STM32Cube_FW_H7_V1.12.1/Drivers/CMSIS/Include/core_cm7.h:2156:34:__NVIC_SystemReset	4	static
../Core/Src/main.c:91:13:FlushStageLog	4	static
../Core/Src/main.c:108:13:diag_busy_delay	24	static
../Core/Src/main.c:109:13:diag_config_led_pe3	16	static
../Core/Src/main.c:116:13:diag_trap	24	static
../Core/Src/main.c:147:13:reset_trace_record	24	static
../Core/Src/main.c:160:20:reset_cause_str	16	static
../Core/Src/main.c:170:13:log_reset_cause	128	static
../Core/Src/main.c:217:13:boot_diag_init	32	static
../Core/Src/main.c:239:13:boot_diag_periodic	24	static
../Core/Src/main.c:247:13:boot_diag_finalize_before_reset	24	static
../Core/Src/main.c:332:6:uart1_raw_putc	24	static
../Core/Src/main.c:373:5:main	216	static
../Core/Src/main.c:1063:6:SystemClock_Config	120	static
../Core/Src/main.c:1127:6:PeriphCommonClock_Config	192	static
../Core/Src/main.c:1159:13:MX_ADC1_Init	56	static
../Core/Src/main.c:1225:13:MX_ADC2_Init	48	static
../Core/Src/main.c:1282:13:MX_DAC1_Init	48	static
../Core/Src/main.c:1330:13:MX_IWDG1_Init	8	static
../Core/Src/main.c:1358:13:MX_SPI2_Init	8	static
../Core/Src/main.c:1403:13:MX_SPI4_Init	8	static
../Core/Src/main.c:1448:13:MX_TIM1_Init	104	static
../Core/Src/main.c:1520:13:MX_TIM2_Init	72	static
../Core/Src/main.c:1588:13:MX_TIM3_Init	72	static
../Core/Src/main.c:1653:13:MX_TIM6_Init	24	static
../Core/Src/main.c:1691:13:MX_TIM15_Init	136	static
../Core/Src/main.c:1772:13:MX_USART1_UART_Init	8	static
../Core/Src/main.c:1815:13:MX_DMA_Init	16	static
../Core/Src/main.c:1835:13:MX_GPIO_Init	56	static
../Core/Src/main.c:1913:13:UpdateUSBDebug	4	static
../Core/Src/main.c:1914:20:usb_state_str	16	static
../Core/Src/main.c:1917:6:HAL_TIM_PeriodElapsedCallback	16	static
../Core/Src/main.c:1943:13:lcd_print_padded_if_changed	80	static
../Core/Src/main.c:1961:6:UpdateLCDStatus	4	static
../Core/Src/main.c:1963:6:DrawStarIndicator	4	static
../Core/Src/main.c:2012:6:DrawUSBStatus	56	static
../Core/Src/main.c:2109:6:MPU_Config	24	static
../Core/Src/main.c:2140:6:Error_Handler	32	static
