C:/Users/Admin/STM32Cube/Repository/STM32Cube_FW_H7_V1.12.1/Drivers/CMSIS/Include/core_cm7.h:2156:34:__NVIC_SystemReset	4	static,ignoring_inline_asm
../Core/Src/main.c:148:23:rs485_sync_read_local_marker_phase	4	static
../Core/Src/main.c:153:23:rs485_sync_edge_kind_from_marker_level	16	static
../Core/Src/main.c:158:17:rs485_sync_get_uart_packet_ticks	72	static
../Core/Src/main.c:174:17:rs485_sync_get_auto_target_phase_ticks	32	static
../Core/Src/main.c:241:13:FlushStageLog	4	static
../Core/Src/main.c:258:13:diag_busy_delay	24	static,ignoring_inline_asm
../Core/Src/main.c:259:13:diag_config_led_pe3	16	static
../Core/Src/main.c:267:13:diag_trap	24	static
../Core/Src/main.c:298:13:reset_trace_record	24	static
../Core/Src/main.c:311:20:reset_cause_str	16	static
../Core/Src/main.c:321:13:log_reset_cause	128	static
../Core/Src/main.c:368:13:boot_diag_init	32	static
../Core/Src/main.c:390:13:boot_diag_periodic	24	static
../Core/Src/main.c:398:13:boot_diag_finalize_before_reset	24	static
../Core/Src/main.c:528:6:uart1_raw_putc	24	static
../Core/Src/main.c:535:20:LED_ON	8	static
../Core/Src/main.c:536:20:LED_OFF	8	static
../Core/Src/main.c:596:20:uart1_rx_led_pulse	8	static
../Core/Src/main.c:601:9:optic_sensor_get_state	4	static
../Core/Src/main.c:606:17:optic_tim1_get_input_clk_hz	16	static
../Core/Src/main.c:617:13:optic_sensor_service	16	static
../Core/Src/main.c:628:26:optic_tx_dma_setup	8	static
../Core/Src/main.c:654:17:optic_tx_compute_on_cycles	24	static
../Core/Src/main.c:673:13:optic_tx_prepare_burst_pattern	24	static
../Core/Src/main.c:686:13:optic_tx_apply_runtime_pattern	16	static
../Core/Src/main.c:713:16:optic_tx_power_to_percent	16	static
../Core/Src/main.c:718:17:optic_tx_power_badge_color	24	static
../Core/Src/main.c:734:9:optic_tx_set_power	16	static
../Core/Src/main.c:741:9:optic_tx_get_power	4	static
../Core/Src/main.c:746:20:ws2812_test_pattern_name	16	static
../Core/Src/main.c:774:13:ws2812_test_button_service	32	static
../Core/Src/main.c:824:13:optic_tx_start	40	static
../Core/Src/main.c:887:13:rs485_sync_on_packet_received	24	static
../Core/Src/main.c:944:17:rs485_compute_uid_mix	24	static
../Core/Src/main.c:953:16:rs485_compute_local_node_id	16	static
../Core/Src/main.c:959:17:rs485_compute_master_claim_delay_ms	16	static
../Core/Src/main.c:966:10:rs485_get_master_claim_delay_ms	4	static
../Core/Src/main.c:971:16:rs485_count_bits_u32	24	static
../Core/Src/main.c:981:13:rs485_discovery_reset_master_scan	4	static
../Core/Src/main.c:991:13:rs485_tx_queue_push	16	static
../Core/Src/main.c:1002:16:rs485_tx_queue_pop	16	static
../Core/Src/main.c:1014:13:rs485_sync_start_tx_byte	16	static
../Core/Src/main.c:1029:13:rs485_tx_kick	16	static
../Core/Src/main.c:1043:13:rs485_discovery_on_request	24	static
../Core/Src/main.c:1071:13:rs485_discovery_on_response	24	static
../Core/Src/main.c:1093:13:rs485_discovery_on_sync_received	4	static
../Core/Src/main.c:1098:13:rs485_sync_service_tx	8	static
../Core/Src/main.c:1103:13:rs485_sync_auto_role_service	16	static
../Core/Src/main.c:1175:13:arr_auto_apply_tim15	16	static
../Core/Src/main.c:1183:16:arr_auto_abs_i32	16	static
../Core/Src/main.c:1187:13:tim15_apply_hold_target_if_possible	24	static
../Core/Src/main.c:1206:13:tim15_request_hold_offset	16	static
../Core/Src/main.c:1212:16:tim15_schedule_arr_pulse	24	static
../Core/Src/main.c:1235:41:arr_auto_choose_best	64	static
../Core/Src/main.c:1284:13:arr_auto_tune_service	16	static
../Core/Src/main.c:1318:13:phase_micro_adjust_service	136	static
../Core/Src/main.c:1572:13:tune_led_service	16	static
../Core/Src/main.c:1598:13:tim2_led_breathe_service	16	static
../Core/Src/main.c:1612:9:ws2812_onboard_slave_blue_active	24	static
../Core/Src/main.c:1643:13:ws2812_status_service	24	static
../Core/Src/main.c:1668:13:ws2812_gpio_test_init	4	static
../Core/Src/main.c:1685:13:ws2812_gpio_test_wait_cycles	24	static,ignoring_inline_asm
../Core/Src/main.c:1693:13:ws2812_gpio_test_send_byte	40	static
../Core/Src/main.c:1717:13:ws2812_gpio_test_send_rgb	16	static,ignoring_inline_asm
../Core/Src/main.c:1727:13:ws2812_gpio_test_service	16	static
../Core/Src/main.c:1762:13:pb2_spi3_direct_test_service	16	static
../Core/Src/main.c:1782:6:rs485_sync_on_buffer_complete	32	static
../Core/Src/main.c:1842:10:tim2_apply_profile_window	96	static
../Core/Src/main.c:1893:5:main	264	static,ignoring_inline_asm
../Core/Src/main.c:2917:6:SystemClock_Config	120	static
../Core/Src/main.c:2981:6:PeriphCommonClock_Config	192	static
../Core/Src/main.c:3021:13:MX_ADC1_Init	56	static
../Core/Src/main.c:3096:13:MX_ADC2_Init	48	static
../Core/Src/main.c:3154:13:MX_DAC1_Init	48	static
../Core/Src/main.c:3202:13:MX_IWDG1_Init	8	static
../Core/Src/main.c:3230:13:MX_SPI2_Init	8	static
../Core/Src/main.c:3275:13:MX_SPI3_Init	8	static
../Core/Src/main.c:3320:13:MX_SPI4_Init	8	static
../Core/Src/main.c:3365:13:MX_TIM1_Init	112	static
../Core/Src/main.c:3450:13:MX_TIM2_Init	72	static
../Core/Src/main.c:3531:13:MX_TIM3_Init	72	static
../Core/Src/main.c:3596:13:MX_TIM6_Init	24	static
../Core/Src/main.c:3634:13:MX_TIM15_Init	88	static
../Core/Src/main.c:3710:13:MX_TIM5_Init	8	static
../Core/Src/main.c:3739:13:MX_USART1_UART_Init	8	static
../Core/Src/main.c:3790:13:MX_USART2_UART_Init	8	static
../Core/Src/main.c:3828:13:MX_DMA_Init	16	static
../Core/Src/main.c:3855:13:MX_GPIO_Init	56	static
../Core/Src/main.c:4003:13:UpdateUSBDebug	4	static
../Core/Src/main.c:4004:20:usb_state_str	16	static
../Core/Src/main.c:4010:6:HAL_TIM_PeriodElapsedCallback	16	static
../Core/Src/main.c:4053:6:HAL_TIM_PWM_PulseFinishedCallback	16	static
../Core/Src/main.c:4059:6:HAL_UART_RxCpltCallback	16	static
../Core/Src/main.c:4097:6:HAL_UART_TxCpltCallback	16	static
../Core/Src/main.c:4110:6:HAL_GPIO_EXTI_Callback	24	static
../Core/Src/main.c:4133:13:lcd_print_padded_if_changed	80	static
../Core/Src/main.c:4156:13:lcd_draw_badge_if_changed	88	static
../Core/Src/main.c:4191:6:UpdateLCDStatus	4	static
../Core/Src/main.c:4193:6:DrawStarIndicator	24	static
../Core/Src/main.c:4242:6:DrawUSBStatus	368	static
../Core/Src/main.c:4569:13:MPU_Config	24	static
../Core/Src/main.c:4616:6:Error_Handler	96	static,ignoring_inline_asm
