C:/Users/Admin/STM32Cube/Repository/STM32Cube_FW_H7_V1.12.1/Drivers/CMSIS/Include/core_cm7.h:2156:34:__NVIC_SystemReset	4	static,ignoring_inline_asm
../Core/Src/main.c:137:23:rs485_sync_read_local_pa3_phase	4	static
../Core/Src/main.c:184:13:FlushStageLog	4	static
../Core/Src/main.c:201:13:diag_busy_delay	24	static,ignoring_inline_asm
../Core/Src/main.c:202:13:diag_config_led_pe3	16	static
../Core/Src/main.c:210:13:diag_trap	24	static
../Core/Src/main.c:241:13:reset_trace_record	24	static
../Core/Src/main.c:254:20:reset_cause_str	16	static
../Core/Src/main.c:264:13:log_reset_cause	128	static
../Core/Src/main.c:311:13:boot_diag_init	32	static
../Core/Src/main.c:333:13:boot_diag_periodic	24	static
../Core/Src/main.c:341:13:boot_diag_finalize_before_reset	24	static
../Core/Src/main.c:430:6:uart1_raw_putc	24	static
../Core/Src/main.c:437:20:LED_ON	8	static
../Core/Src/main.c:438:20:LED_OFF	8	static
../Core/Src/main.c:484:20:uart1_rx_led_pulse	8	static
../Core/Src/main.c:489:13:rs485_sync_on_packet_received	24	static
../Core/Src/main.c:543:17:rs485_compute_uid_mix	24	static
../Core/Src/main.c:552:16:rs485_compute_local_node_id	16	static
../Core/Src/main.c:558:17:rs485_compute_master_claim_delay_ms	16	static
../Core/Src/main.c:565:10:rs485_get_master_claim_delay_ms	4	static
../Core/Src/main.c:570:16:rs485_count_bits_u32	24	static
../Core/Src/main.c:580:13:rs485_discovery_reset_master_scan	4	static
../Core/Src/main.c:590:13:rs485_tx_queue_push	16	static
../Core/Src/main.c:601:16:rs485_tx_queue_pop	16	static
../Core/Src/main.c:613:13:rs485_sync_start_tx_byte	16	static
../Core/Src/main.c:628:13:rs485_tx_kick	16	static
../Core/Src/main.c:642:13:rs485_discovery_on_request	24	static
../Core/Src/main.c:670:13:rs485_discovery_on_response	24	static
../Core/Src/main.c:692:13:rs485_discovery_on_sync_received	4	static
../Core/Src/main.c:697:13:rs485_sync_service_tx	8	static
../Core/Src/main.c:702:13:rs485_sync_auto_role_service	16	static
../Core/Src/main.c:774:13:arr_auto_apply_tim15	16	static
../Core/Src/main.c:782:16:arr_auto_abs_i32	16	static
../Core/Src/main.c:786:13:tim15_apply_hold_target_if_possible	24	static
../Core/Src/main.c:805:13:tim15_request_hold_offset	16	static
../Core/Src/main.c:811:16:tim15_schedule_arr_pulse	24	static
../Core/Src/main.c:834:41:arr_auto_choose_best	64	static
../Core/Src/main.c:883:13:arr_auto_tune_service	16	static
../Core/Src/main.c:917:13:phase_micro_adjust_service	144	static
../Core/Src/main.c:1171:13:tune_led_service	16	static
../Core/Src/main.c:1191:6:rs485_sync_on_buffer_complete	32	static
../Core/Src/main.c:1251:10:tim2_apply_profile_window	96	static
../Core/Src/main.c:1303:5:main	264	static,ignoring_inline_asm
../Core/Src/main.c:2312:6:SystemClock_Config	120	static
../Core/Src/main.c:2376:6:PeriphCommonClock_Config	192	static
../Core/Src/main.c:2408:13:MX_ADC1_Init	56	static
../Core/Src/main.c:2483:13:MX_ADC2_Init	48	static
../Core/Src/main.c:2541:13:MX_DAC1_Init	48	static
../Core/Src/main.c:2589:13:MX_IWDG1_Init	8	static
../Core/Src/main.c:2617:13:MX_SPI2_Init	8	static
../Core/Src/main.c:2662:13:MX_SPI4_Init	8	static
../Core/Src/main.c:2707:13:MX_TIM1_Init	104	static
../Core/Src/main.c:2779:13:MX_TIM2_Init	72	static
../Core/Src/main.c:2859:13:MX_TIM3_Init	72	static
../Core/Src/main.c:2924:13:MX_TIM6_Init	24	static
../Core/Src/main.c:2962:13:MX_TIM15_Init	56	static
../Core/Src/main.c:3020:13:MX_TIM5_Init	8	static
../Core/Src/main.c:3049:13:MX_USART1_UART_Init	8	static
../Core/Src/main.c:3100:13:MX_USART2_UART_Init	8	static
../Core/Src/main.c:3138:13:MX_DMA_Init	16	static
../Core/Src/main.c:3162:13:MX_GPIO_Init	56	static
../Core/Src/main.c:3293:13:UpdateUSBDebug	4	static
../Core/Src/main.c:3294:20:usb_state_str	16	static
../Core/Src/main.c:3300:6:HAL_TIM_PeriodElapsedCallback	16	static
../Core/Src/main.c:3343:6:HAL_TIM_PWM_PulseFinishedCallback	16	static
../Core/Src/main.c:3349:6:HAL_UART_RxCpltCallback	16	static
../Core/Src/main.c:3387:6:HAL_UART_TxCpltCallback	16	static
../Core/Src/main.c:3400:13:lcd_print_padded_if_changed	80	static
../Core/Src/main.c:3423:6:UpdateLCDStatus	4	static
../Core/Src/main.c:3425:6:DrawStarIndicator	24	static
../Core/Src/main.c:3474:6:DrawUSBStatus	336	static
../Core/Src/main.c:3718:13:MPU_Config	24	static
../Core/Src/main.c:3765:6:Error_Handler	96	static,ignoring_inline_asm
