C:/Users/Admin/STM32Cube/Repository/STM32Cube_FW_H7_V1.12.1/Drivers/CMSIS/Include/core_cm7.h:2156:34:__NVIC_SystemReset	4	static,ignoring_inline_asm
../Core/Src/main.c:152:13:FlushStageLog	4	static
../Core/Src/main.c:169:13:diag_busy_delay	24	static,ignoring_inline_asm
../Core/Src/main.c:170:13:diag_config_led_pe3	16	static
../Core/Src/main.c:178:13:diag_trap	24	static
../Core/Src/main.c:209:13:reset_trace_record	24	static
../Core/Src/main.c:222:20:reset_cause_str	16	static
../Core/Src/main.c:232:13:log_reset_cause	128	static
../Core/Src/main.c:279:13:boot_diag_init	32	static
../Core/Src/main.c:301:13:boot_diag_periodic	24	static
../Core/Src/main.c:309:13:boot_diag_finalize_before_reset	24	static
../Core/Src/main.c:398:6:uart1_raw_putc	24	static
../Core/Src/main.c:405:20:LED_ON	8	static
../Core/Src/main.c:406:20:LED_OFF	8	static
../Core/Src/main.c:452:20:uart1_rx_led_pulse	8	static
../Core/Src/main.c:457:13:rs485_sync_on_packet_received	16	static
../Core/Src/main.c:481:17:rs485_compute_uid_mix	24	static
../Core/Src/main.c:490:16:rs485_compute_local_node_id	16	static
../Core/Src/main.c:496:17:rs485_compute_master_claim_delay_ms	16	static
../Core/Src/main.c:503:10:rs485_get_master_claim_delay_ms	4	static
../Core/Src/main.c:508:16:rs485_count_bits_u32	24	static
../Core/Src/main.c:518:13:rs485_discovery_reset_master_scan	4	static
../Core/Src/main.c:528:13:rs485_tx_queue_push	16	static
../Core/Src/main.c:539:16:rs485_tx_queue_pop	16	static
../Core/Src/main.c:551:13:rs485_sync_start_tx_byte	16	static
../Core/Src/main.c:566:13:rs485_tx_kick	16	static
../Core/Src/main.c:580:13:rs485_discovery_on_request	24	static
../Core/Src/main.c:607:13:rs485_discovery_on_response	24	static
../Core/Src/main.c:629:13:rs485_discovery_on_sync_received	8	static
../Core/Src/main.c:640:13:rs485_sync_service_tx	8	static
../Core/Src/main.c:645:6:rs485_sync_on_buffer_complete	16	static
../Core/Src/main.c:707:10:tim2_apply_profile_window	96	static
../Core/Src/main.c:759:5:main	248	static,ignoring_inline_asm
../Core/Src/main.c:1727:6:SystemClock_Config	120	static
../Core/Src/main.c:1791:6:PeriphCommonClock_Config	192	static
../Core/Src/main.c:1823:13:MX_ADC1_Init	56	static
../Core/Src/main.c:1898:13:MX_ADC2_Init	48	static
../Core/Src/main.c:1956:13:MX_DAC1_Init	48	static
../Core/Src/main.c:2004:13:MX_IWDG1_Init	8	static
../Core/Src/main.c:2032:13:MX_SPI2_Init	8	static
../Core/Src/main.c:2077:13:MX_SPI4_Init	8	static
../Core/Src/main.c:2122:13:MX_TIM1_Init	104	static
../Core/Src/main.c:2194:13:MX_TIM2_Init	72	static
../Core/Src/main.c:2274:13:MX_TIM3_Init	72	static
../Core/Src/main.c:2339:13:MX_TIM6_Init	24	static
../Core/Src/main.c:2377:13:MX_TIM15_Init	136	static
../Core/Src/main.c:2465:13:MX_TIM5_Init	8	static
../Core/Src/main.c:2494:13:MX_USART1_UART_Init	8	static
../Core/Src/main.c:2545:13:MX_USART2_UART_Init	8	static
../Core/Src/main.c:2583:13:MX_DMA_Init	16	static
../Core/Src/main.c:2607:13:MX_GPIO_Init	56	static
../Core/Src/main.c:2738:13:UpdateUSBDebug	4	static
../Core/Src/main.c:2739:20:usb_state_str	16	static
../Core/Src/main.c:2745:6:HAL_TIM_PeriodElapsedCallback	16	static
../Core/Src/main.c:2777:6:HAL_TIM_PWM_PulseFinishedCallback	16	static
../Core/Src/main.c:2783:6:HAL_UART_RxCpltCallback	16	static
../Core/Src/main.c:2821:6:HAL_UART_TxCpltCallback	16	static
../Core/Src/main.c:2834:13:lcd_print_padded_if_changed	80	static
../Core/Src/main.c:2857:6:UpdateLCDStatus	4	static
../Core/Src/main.c:2859:6:DrawStarIndicator	24	static
../Core/Src/main.c:2908:6:DrawUSBStatus	336	static
../Core/Src/main.c:3152:13:MPU_Config	24	static
../Core/Src/main.c:3199:6:Error_Handler	96	static,ignoring_inline_asm
