../Core/Src/stm32h7xx_it.c:101:6:NMI_Handler	4	static
../Core/Src/stm32h7xx_it.c:116:6:HardFault_Handler	4	static,ignoring_inline_asm
../Core/Src/stm32h7xx_it.c:137:6:MemManage_Handler	4	static
../Core/Src/stm32h7xx_it.c:152:6:BusFault_Handler	4	static
../Core/Src/stm32h7xx_it.c:167:6:UsageFault_Handler	4	static
../Core/Src/stm32h7xx_it.c:182:6:SVC_Handler	4	static
../Core/Src/stm32h7xx_it.c:195:6:DebugMon_Handler	4	static
../Core/Src/stm32h7xx_it.c:208:6:PendSV_Handler	4	static
../Core/Src/stm32h7xx_it.c:223:6:EXTI9_5_IRQHandler	8	static
../Core/Src/stm32h7xx_it.c:235:6:HAL_GPIO_EXTI_Callback	24	static
../Core/Src/stm32h7xx_it.c:278:6:SysTick_Handler	8	static
../Core/Src/stm32h7xx_it.c:295:6:USART1_IRQHandler	8	static
../Core/Src/stm32h7xx_it.c:311:6:DMA1_Stream0_IRQHandler	8	static
../Core/Src/stm32h7xx_it.c:325:6:DMA1_Stream1_IRQHandler	8	static
../Core/Src/stm32h7xx_it.c:339:6:TIM2_IRQHandler	8	static
../Core/Src/stm32h7xx_it.c:358:6:TIM6_DAC_IRQHandler	8	static
../Core/Src/stm32h7xx_it.c:373:6:TIM15_IRQHandler	8	static
../Core/Src/stm32h7xx_it.c:387:6:OTG_HS_IRQHandler	8	static
../Core/Src/stm32h7xx_it.c:401:13:hf_hex	24	static
../Core/Src/stm32h7xx_it.c:407:13:hf_print_line	72	static
../Core/Src/stm32h7xx_it.c:418:13:HardFault_Display	16	static
../Core/Src/stm32h7xx_it.c:429:6:HardFault_Capture	32	static,ignoring_inline_asm
