../Core/Src/stm32h7xx_it.c:92:6:NMI_Handler	4	static
../Core/Src/stm32h7xx_it.c:107:6:HardFault_Handler	4	static
../Core/Src/stm32h7xx_it.c:128:6:MemManage_Handler	4	static
../Core/Src/stm32h7xx_it.c:143:6:BusFault_Handler	4	static
../Core/Src/stm32h7xx_it.c:158:6:UsageFault_Handler	4	static
../Core/Src/stm32h7xx_it.c:173:6:SVC_Handler	4	static
../Core/Src/stm32h7xx_it.c:186:6:DebugMon_Handler	4	static
../Core/Src/stm32h7xx_it.c:199:6:PendSV_Handler	4	static
../Core/Src/stm32h7xx_it.c:212:6:SysTick_Handler	8	static
../Core/Src/stm32h7xx_it.c:229:6:USART1_IRQHandler	8	static
../Core/Src/stm32h7xx_it.c:245:6:DMA1_Stream0_IRQHandler	8	static
../Core/Src/stm32h7xx_it.c:259:6:DMA1_Stream1_IRQHandler	8	static
../Core/Src/stm32h7xx_it.c:273:6:TIM2_IRQHandler	8	static
../Core/Src/stm32h7xx_it.c:287:6:TIM6_DAC_IRQHandler	8	static
../Core/Src/stm32h7xx_it.c:302:6:OTG_HS_IRQHandler	8	static
../Core/Src/stm32h7xx_it.c:316:13:hf_hex	24	static
../Core/Src/stm32h7xx_it.c:322:13:hf_print_line	72	static
../Core/Src/stm32h7xx_it.c:332:13:HardFault_Display	16	static
../Core/Src/stm32h7xx_it.c:343:6:HardFault_Capture	24	static
