../Core/Src/syscalls.c:50:6:initialise_monitor_handles	4	static
../Core/Src/syscalls.c:54:5:_getpid	4	static
../Core/Src/syscalls.c:59:5:_kill	16	static
../Core/Src/syscalls.c:67:6:_exit	16	static
../Core/Src/syscalls.c:73:27:_read	32	static
../Core/Src/syscalls.c:86:27:_write	32	static
../Core/Src/syscalls.c:99:5:__io_putchar	24	static
../Core/Src/syscalls.c:107:5:_close	16	static
../Core/Src/syscalls.c:114:5:_fstat	16	static
../Core/Src/syscalls.c:121:5:_isatty	16	static
../Core/Src/syscalls.c:127:5:_lseek	24	static
../Core/Src/syscalls.c:135:5:_open	12	static
../Core/Src/syscalls.c:143:5:_wait	16	static
../Core/Src/syscalls.c:150:5:_unlink	16	static
../Core/Src/syscalls.c:157:5:_times	16	static
../Core/Src/syscalls.c:163:5:_stat	16	static
../Core/Src/syscalls.c:170:5:_link	16	static
../Core/Src/syscalls.c:178:5:_fork	8	static
../Core/Src/syscalls.c:184:5:_execve	24	static
