../Core/Src/usb_cdc_proto.c:19:6:temp_sensor_init	8	static
../Core/Src/usb_cdc_proto.c:26:9:temp_sensor_read_celsius	24	static
../Core/Src/usb_cdc_proto.c:67:6:usb_stream_on_tx_complete	8	static
../Core/Src/usb_cdc_proto.c:96:6:usb_stream_send_status	152	static
../Core/Src/usb_cdc_proto.c:117:6:usb_stream_send_test_frame	208	static
../Core/Src/usb_cdc_proto.c:152:17:crc16_buf	32	static
../Core/Src/usb_cdc_proto.c:155:16:try_send_one_adc_frame	80	static
../Core/Src/usb_cdc_proto.c:211:13:usb_stream_service	16	static
../Core/Src/usb_cdc_proto.c:222:9:usb_stream_try_send_frame	24	static
../Core/Src/usb_cdc_proto.c:249:6:usb_stream_poll	8	static
../Core/Src/usb_cdc_proto.c:256:19:usb_stream_cfg	4	static
../Core/Src/usb_cdc_proto.c:259:13:stream_send_ack	24	static
../Core/Src/usb_cdc_proto.c:260:6:stream_send_ack_param	24	static
../Core/Src/usb_cdc_proto.c:261:13:stream_send_nack	24	static
../Core/Src/usb_cdc_proto.c:264:6:usb_stream_on_rx_bytes	64	static
../Core/Src/usb_cdc_proto.c:340:6:usb_stream_init	8	static
