../Core/Src/usb_cdc_proto.c:28:6:usb_stream_on_tx_complete	8	static
../Core/Src/usb_cdc_proto.c:57:6:usb_stream_send_status	152	static
../Core/Src/usb_cdc_proto.c:78:6:usb_stream_send_test_frame	208	static
../Core/Src/usb_cdc_proto.c:113:17:crc16_buf	32	static
../Core/Src/usb_cdc_proto.c:116:16:try_send_one_adc_frame	80	static
../Core/Src/usb_cdc_proto.c:172:13:usb_stream_service	16	static
../Core/Src/usb_cdc_proto.c:183:9:usb_stream_try_send_frame	24	static
../Core/Src/usb_cdc_proto.c:210:6:usb_stream_poll	8	static
../Core/Src/usb_cdc_proto.c:217:19:usb_stream_cfg	4	static
../Core/Src/usb_cdc_proto.c:220:13:stream_send_ack	24	static
../Core/Src/usb_cdc_proto.c:221:6:stream_send_ack_param	24	static
../Core/Src/usb_cdc_proto.c:222:13:stream_send_nack	24	static
../Core/Src/usb_cdc_proto.c:225:6:usb_stream_on_rx_bytes	48	static
../Core/Src/usb_cdc_proto.c:282:6:usb_stream_init	8	static
