../USB_DEVICE/App/usb_vendor_app.c:261:6:vnd_sync_on_edge	8	static
../USB_DEVICE/App/usb_vendor_app.c:377:17:vnd_compute_auto_roi_start	32	static
../USB_DEVICE/App/usb_vendor_app.c:388:13:vnd_apply_auto_roi_window	16	static
../USB_DEVICE/App/usb_vendor_app.c:563:17:vnd_tim5_get_tim_clk	16	static
../USB_DEVICE/App/usb_vendor_app.c:571:13:vnd_sync_stop_tim5	8	static
../USB_DEVICE/App/usb_vendor_app.c:577:13:vnd_sync_start_tim5_base	8	static
../USB_DEVICE/App/usb_vendor_app.c:582:13:vnd_sync_set_master	16	static
../USB_DEVICE/App/usb_vendor_app.c:589:13:vnd_sync_set_slave	4	static
../USB_DEVICE/App/usb_vendor_app.c:595:13:vnd_sync_apply_mode	16	static
../USB_DEVICE/App/usb_vendor_app.c:650:6:vnd_sync_set_mode_auto	16	static
../USB_DEVICE/App/usb_vendor_app.c:658:9:vnd_sync_is_mode_host_forced	4	static
../USB_DEVICE/App/usb_vendor_app.c:664:17:vnd_dc_bank_crc16	16	static
../USB_DEVICE/App/usb_vendor_app.c:670:17:vnd_dc_score_bank	48	static
../USB_DEVICE/App/usb_vendor_app.c:704:23:vnd_raw_has_full_swing_u16	40	static
../USB_DEVICE/App/usb_vendor_app.c:726:13:vnd_dc_background_step	544	static
../USB_DEVICE/App/usb_vendor_app.c:933:13:vnd_dc_apply_and_adapt	136	static
../USB_DEVICE/App/usb_vendor_app.c:1052:13:vnd_dc_load_once	48	static
../USB_DEVICE/App/usb_vendor_app.c:1139:13:vnd_dc_try_save_periodic	1824	static
../USB_DEVICE/App/usb_vendor_app.c:1329:20:vnd_dwt_init_once	4	static
../USB_DEVICE/App/usb_vendor_app.c:1339:24:vnd_dwt_cycles	4	static
../USB_DEVICE/App/usb_vendor_app.c:1344:24:vnd_cycles_to_us	72	static
../USB_DEVICE/App/usb_vendor_app.c:1351:14:vnd_corr_norm_u16	144	static
../USB_DEVICE/App/usb_vendor_app.c:1374:13:vnd_dsp_update	40	static
../USB_DEVICE/App/usb_vendor_app.c:1409:13:vnd_avg_reset	8	static
../USB_DEVICE/App/usb_vendor_app.c:1426:13:vnd_avg_drain_fifo	88	static
../USB_DEVICE/App/usb_vendor_app.c:1542:24:get_us_approx	16	static
../USB_DEVICE/App/usb_vendor_app.c:1572:41:vnd_sanitize_samples	56	static
../USB_DEVICE/App/usb_vendor_app.c:1616:41:vnd_detect_and_clip_spikes	80	static
../USB_DEVICE/App/usb_vendor_app.c:1663:37:vnd_log_spike_window	344	static
../USB_DEVICE/App/usb_vendor_app.c:1684:40:vnd_detect_spike_info	40	static
../USB_DEVICE/App/usb_vendor_app.c:1704:13:vnd_update_cmd_indicator	40	static
../USB_DEVICE/App/usb_vendor_app.c:1735:13:vnd_update_lcd_params	16	static
../USB_DEVICE/App/usb_vendor_app.c:1769:41:rd_le16	16	static
../USB_DEVICE/App/usb_vendor_app.c:1770:41:rd_le32	16	static
../USB_DEVICE/App/usb_vendor_app.c:1771:13:vnd_cdc_duplicate_preview	24	static
../USB_DEVICE/App/usb_vendor_app.c:1831:13:cdc_logf	16	static
../USB_DEVICE/App/usb_vendor_app.c:1846:13:vnd_cdc_sync_diag	48	static
../USB_DEVICE/App/usb_vendor_app.c:1896:13:vnd_cdc_periodic_stats	136	static
../USB_DEVICE/App/usb_vendor_app.c:1929:17:vnd_crc16_ccitt	32	static
../USB_DEVICE/App/usb_vendor_app.c:2027:23:vnd_tx_meta_depth	16	static
../USB_DEVICE/App/usb_vendor_app.c:2032:20:vnd_tx_meta_push	32	static
../USB_DEVICE/App/usb_vendor_app.c:2051:19:vnd_tx_meta_pop	16	static
../USB_DEVICE/App/usb_vendor_app.c:2059:20:vnd_tx_meta_after	32	static
../USB_DEVICE/App/usb_vendor_app.c:2071:13:vnd_meta_neutralize	24	static
../USB_DEVICE/App/usb_vendor_app.c:2094:37:vnd_debug_raw_stat_tick	4	static
../USB_DEVICE/App/usb_vendor_app.c:2095:13:vnd_send_fake_pair	4	static
../USB_DEVICE/App/usb_vendor_app.c:2096:37:vnd_debug_force_status_tick	4	static
../USB_DEVICE/App/usb_vendor_app.c:2097:37:vnd_try_start_tx	4	static
../USB_DEVICE/App/usb_vendor_app.c:2106:13:vnd_recompute_pair_timing	32	static
../USB_DEVICE/App/usb_vendor_app.c:2125:6:vnd_pipeline_stop_reset	16	static
../USB_DEVICE/App/usb_vendor_app.c:2150:13:vnd_force_complete_test_meta_if_stale	16	static
../USB_DEVICE/App/usb_vendor_app.c:2183:6:vnd_report_fps_stats	80	static
../USB_DEVICE/App/usb_vendor_app.c:2217:6:vnd_print_perf_stats	64	static
../USB_DEVICE/App/usb_vendor_app.c:2256:13:vnd_try_send_pending_status_from_task	16	static
../USB_DEVICE/App/usb_vendor_app.c:2282:6:usb_vendor_periodic_tick	4	static
../USB_DEVICE/App/usb_vendor_app.c:2284:6:vnd_request_adc_restart_from_isr	4	static
../USB_DEVICE/App/usb_vendor_app.c:2298:13:vnd_reset_buffers	24	static
../USB_DEVICE/App/usb_vendor_app.c:2303:10:vnd_build_status	128	static
../USB_DEVICE/App/usb_vendor_app.c:2419:9:vnd_is_streaming	4	static
../USB_DEVICE/App/usb_vendor_app.c:2420:9:vnd_is_tx_enabled	4	static
../USB_DEVICE/App/usb_vendor_app.c:2424:13:vnd_prepare_pair	144	static,ignoring_inline_asm
../USB_DEVICE/App/usb_vendor_app.c:2723:13:vnd_build_frame	32	static
../USB_DEVICE/App/usb_vendor_app.c:2765:36:vnd_find_pair_by_seq	24	static
../USB_DEVICE/App/usb_vendor_app.c:2778:12:vnd_async_try_tx	184	static
../USB_DEVICE/App/usb_vendor_app.c:3038:12:vnd_validate_frame	24	static
../USB_DEVICE/App/usb_vendor_app.c:3062:51:vnd_transmit_frame	48	static
../USB_DEVICE/App/usb_vendor_app.c:3115:13:vnd_diag_prepare_pair	40	static
../USB_DEVICE/App/usb_vendor_app.c:3139:12:vnd_diag_try_tx	32	static
../USB_DEVICE/App/usb_vendor_app.c:3196:12:vnd_try_send_B_immediate	32	static
../USB_DEVICE/App/usb_vendor_app.c:3231:12:vnd_try_send_A_nextpair_immediate	24	static
../USB_DEVICE/App/usb_vendor_app.c:3260:13:vnd_log_hdr_layout	4	static
../USB_DEVICE/App/usb_vendor_app.c:3270:37:vnd_emergency_keepalive	72	static
../USB_DEVICE/App/usb_vendor_app.c:3290:13:vnd_try_send_test_from_task	56	static
../USB_DEVICE/App/usb_vendor_app.c:3324:30:vnd_diag_send64_once	80	static
../USB_DEVICE/App/usb_vendor_app.c:3349:30:Vendor_Stream_Task	384	static
../USB_DEVICE/App/usb_vendor_app.c:4037:6:HAL_TIM_IC_CaptureCallback	40	static
../USB_DEVICE/App/usb_vendor_app.c:4065:6:USBD_VND_TxCplt	232	static
../USB_DEVICE/App/usb_vendor_app.c:4334:6:USBD_VND_DataReceived	240	static
../USB_DEVICE/App/usb_vendor_app.c:4993:10:vnd_get_last_txcplt_ms	4	static
../USB_DEVICE/App/usb_vendor_app.c:4999:10:vnd_get_total_tx_bytes	4	static
../USB_DEVICE/App/usb_vendor_app.c:5005:10:vnd_get_total_tx_samples	4	static
../USB_DEVICE/App/usb_vendor_app.c:5013:24:tick_diff32	16	static
../USB_DEVICE/App/usb_vendor_app.c:5017:6:vnd_diag_log_possible_stall	224	static
../USB_DEVICE/App/usb_vendor_app.c:5081:6:adc_stream_on_new_frames	16	static
../USB_DEVICE/App/usb_vendor_app.c:5089:6:vnd_get_adc_minmax	88	static
