../USB_DEVICE/App/usb_vendor_app.c:282:6:vnd_sync_on_edge	8	static
../USB_DEVICE/App/usb_vendor_app.c:400:17:vnd_compute_auto_roi_start	32	static
../USB_DEVICE/App/usb_vendor_app.c:411:13:vnd_apply_auto_roi_window	16	static
../USB_DEVICE/App/usb_vendor_app.c:586:17:vnd_tim5_get_tim_clk	16	static
../USB_DEVICE/App/usb_vendor_app.c:594:13:vnd_sync_stop_tim5	8	static
../USB_DEVICE/App/usb_vendor_app.c:600:13:vnd_sync_start_tim5_base	8	static
../USB_DEVICE/App/usb_vendor_app.c:605:13:vnd_sync_set_master	16	static
../USB_DEVICE/App/usb_vendor_app.c:612:13:vnd_sync_set_slave	4	static
../USB_DEVICE/App/usb_vendor_app.c:618:13:vnd_sync_apply_mode	16	static
../USB_DEVICE/App/usb_vendor_app.c:673:6:vnd_sync_set_mode_auto	16	static
../USB_DEVICE/App/usb_vendor_app.c:681:9:vnd_sync_is_mode_host_forced	4	static
../USB_DEVICE/App/usb_vendor_app.c:687:17:vnd_dc_bank_crc16	16	static
../USB_DEVICE/App/usb_vendor_app.c:693:17:vnd_dc_score_bank	48	static
../USB_DEVICE/App/usb_vendor_app.c:727:23:vnd_raw_has_full_swing_u16	40	static
../USB_DEVICE/App/usb_vendor_app.c:749:13:vnd_dc_background_step	544	static
../USB_DEVICE/App/usb_vendor_app.c:956:13:vnd_dc_apply_and_adapt	136	static
../USB_DEVICE/App/usb_vendor_app.c:1075:13:vnd_dc_load_once	48	static
../USB_DEVICE/App/usb_vendor_app.c:1162:13:vnd_dc_try_save_periodic	1824	static
../USB_DEVICE/App/usb_vendor_app.c:1352:20:vnd_dwt_init_once	4	static
../USB_DEVICE/App/usb_vendor_app.c:1362:24:vnd_dwt_cycles	4	static
../USB_DEVICE/App/usb_vendor_app.c:1367:24:vnd_cycles_to_us	72	static
../USB_DEVICE/App/usb_vendor_app.c:1374:14:vnd_corr_norm_u16	144	static
../USB_DEVICE/App/usb_vendor_app.c:1397:13:vnd_dsp_update	40	static
../USB_DEVICE/App/usb_vendor_app.c:1432:13:vnd_avg_reset	8	static
../USB_DEVICE/App/usb_vendor_app.c:1449:13:vnd_avg_drain_fifo	88	static
../USB_DEVICE/App/usb_vendor_app.c:1567:24:get_us_approx	16	static
../USB_DEVICE/App/usb_vendor_app.c:1597:41:vnd_sanitize_samples	56	static
../USB_DEVICE/App/usb_vendor_app.c:1641:41:vnd_detect_and_clip_spikes	80	static
../USB_DEVICE/App/usb_vendor_app.c:1688:37:vnd_log_spike_window	344	static
../USB_DEVICE/App/usb_vendor_app.c:1709:40:vnd_detect_spike_info	40	static
../USB_DEVICE/App/usb_vendor_app.c:1729:13:vnd_update_cmd_indicator	40	static
../USB_DEVICE/App/usb_vendor_app.c:1760:13:vnd_update_lcd_params	16	static
../USB_DEVICE/App/usb_vendor_app.c:1794:41:rd_le16	16	static
../USB_DEVICE/App/usb_vendor_app.c:1795:41:rd_le32	16	static
../USB_DEVICE/App/usb_vendor_app.c:1796:13:vnd_cdc_duplicate_preview	24	static
../USB_DEVICE/App/usb_vendor_app.c:1856:13:cdc_logf	16	static
../USB_DEVICE/App/usb_vendor_app.c:1871:13:vnd_cdc_sync_diag	48	static
../USB_DEVICE/App/usb_vendor_app.c:1921:13:vnd_cdc_periodic_stats	136	static
../USB_DEVICE/App/usb_vendor_app.c:1954:17:vnd_crc16_ccitt	32	static
../USB_DEVICE/App/usb_vendor_app.c:2055:23:vnd_tx_meta_depth	16	static
../USB_DEVICE/App/usb_vendor_app.c:2060:20:vnd_tx_meta_push	32	static
../USB_DEVICE/App/usb_vendor_app.c:2079:19:vnd_tx_meta_pop	16	static
../USB_DEVICE/App/usb_vendor_app.c:2087:20:vnd_tx_meta_after	32	static
../USB_DEVICE/App/usb_vendor_app.c:2099:13:vnd_meta_neutralize	24	static
../USB_DEVICE/App/usb_vendor_app.c:2122:37:vnd_debug_raw_stat_tick	4	static
../USB_DEVICE/App/usb_vendor_app.c:2123:13:vnd_send_fake_pair	4	static
../USB_DEVICE/App/usb_vendor_app.c:2124:37:vnd_debug_force_status_tick	4	static
../USB_DEVICE/App/usb_vendor_app.c:2125:37:vnd_try_start_tx	4	static
../USB_DEVICE/App/usb_vendor_app.c:2134:13:vnd_recompute_pair_timing	32	static
../USB_DEVICE/App/usb_vendor_app.c:2153:6:vnd_pipeline_stop_reset	16	static
../USB_DEVICE/App/usb_vendor_app.c:2179:13:vnd_force_complete_test_meta_if_stale	16	static
../USB_DEVICE/App/usb_vendor_app.c:2212:6:vnd_report_fps_stats	80	static
../USB_DEVICE/App/usb_vendor_app.c:2246:6:vnd_print_perf_stats	64	static
../USB_DEVICE/App/usb_vendor_app.c:2285:13:vnd_try_send_pending_status_from_task	16	static
../USB_DEVICE/App/usb_vendor_app.c:2311:6:usb_vendor_periodic_tick	4	static
../USB_DEVICE/App/usb_vendor_app.c:2313:6:vnd_request_adc_restart_from_isr	4	static
../USB_DEVICE/App/usb_vendor_app.c:2327:13:vnd_reset_buffers	24	static
../USB_DEVICE/App/usb_vendor_app.c:2332:10:vnd_build_status	128	static
../USB_DEVICE/App/usb_vendor_app.c:2456:9:vnd_is_streaming	4	static
../USB_DEVICE/App/usb_vendor_app.c:2457:9:vnd_is_tx_enabled	4	static
../USB_DEVICE/App/usb_vendor_app.c:2459:13:vnd_apply_tx_enable_outputs	8	static
../USB_DEVICE/App/usb_vendor_app.c:2475:13:vnd_prepare_pair	144	static,ignoring_inline_asm
../USB_DEVICE/App/usb_vendor_app.c:2784:13:vnd_build_frame	32	static
../USB_DEVICE/App/usb_vendor_app.c:2826:12:vnd_find_pair_by_seq	24	static
../USB_DEVICE/App/usb_vendor_app.c:2835:12:vnd_find_slot_for_seq_ch	24	static
../USB_DEVICE/App/usb_vendor_app.c:2846:16:vnd_get_active_stream_slot	24	static
../USB_DEVICE/App/usb_vendor_app.c:2861:13:vnd_clear_pair_slot	16	static
../USB_DEVICE/App/usb_vendor_app.c:2868:13:vnd_consume_strict_fifo_pair	24	static
../USB_DEVICE/App/usb_vendor_app.c:2880:13:vnd_align_strict_pair_cursor	24	static
../USB_DEVICE/App/usb_vendor_app.c:2907:16:vnd_strict_slot_ready_for_stream	24	static
../USB_DEVICE/App/usb_vendor_app.c:2933:12:vnd_async_try_tx	184	static
../USB_DEVICE/App/usb_vendor_app.c:3193:12:vnd_validate_frame	24	static
../USB_DEVICE/App/usb_vendor_app.c:3217:51:vnd_transmit_frame	48	static
../USB_DEVICE/App/usb_vendor_app.c:3270:13:vnd_diag_prepare_pair	40	static
../USB_DEVICE/App/usb_vendor_app.c:3294:12:vnd_diag_try_tx	32	static
../USB_DEVICE/App/usb_vendor_app.c:3351:12:vnd_try_send_B_immediate	32	static
../USB_DEVICE/App/usb_vendor_app.c:3387:12:vnd_try_send_A_nextpair_immediate	24	static
../USB_DEVICE/App/usb_vendor_app.c:3417:13:vnd_log_hdr_layout	4	static
../USB_DEVICE/App/usb_vendor_app.c:3427:37:vnd_emergency_keepalive	72	static
../USB_DEVICE/App/usb_vendor_app.c:3447:13:vnd_try_send_test_from_task	56	static
../USB_DEVICE/App/usb_vendor_app.c:3481:30:vnd_diag_send64_once	80	static
../USB_DEVICE/App/usb_vendor_app.c:3506:30:Vendor_Stream_Task	408	static
../USB_DEVICE/App/usb_vendor_app.c:4244:6:HAL_TIM_IC_CaptureCallback	40	static
../USB_DEVICE/App/usb_vendor_app.c:4272:6:USBD_VND_TxCplt	232	static
../USB_DEVICE/App/usb_vendor_app.c:4578:6:USBD_VND_DataReceived	248	static
../USB_DEVICE/App/usb_vendor_app.c:5306:10:vnd_get_last_txcplt_ms	4	static
../USB_DEVICE/App/usb_vendor_app.c:5311:10:vnd_get_last_frame_txcplt_ms	4	static
../USB_DEVICE/App/usb_vendor_app.c:5316:10:vnd_get_last_host_rx_ack_ms	4	static
../USB_DEVICE/App/usb_vendor_app.c:5321:10:vnd_get_last_error	4	static
../USB_DEVICE/App/usb_vendor_app.c:5327:10:vnd_get_total_tx_bytes	4	static
../USB_DEVICE/App/usb_vendor_app.c:5333:10:vnd_get_total_tx_samples	4	static
../USB_DEVICE/App/usb_vendor_app.c:5341:24:tick_diff32	16	static
../USB_DEVICE/App/usb_vendor_app.c:5345:6:vnd_diag_log_possible_stall	224	static
../USB_DEVICE/App/usb_vendor_app.c:5409:6:adc_stream_on_new_frames	16	static
../USB_DEVICE/App/usb_vendor_app.c:5417:6:vnd_get_adc_minmax	88	static
