../USB_DEVICE/App/usb_vendor_app.c:296:6:vnd_sync_on_edge	8	static
../USB_DEVICE/App/usb_vendor_app.c:417:17:vnd_compute_auto_roi_start	32	static
../USB_DEVICE/App/usb_vendor_app.c:428:13:vnd_apply_auto_roi_window	16	static
../USB_DEVICE/App/usb_vendor_app.c:655:17:vnd_dc_clamp_settle_ms	16	static
../USB_DEVICE/App/usb_vendor_app.c:662:17:vnd_dc_clamp_fast_duration_ms	16	static
../USB_DEVICE/App/usb_vendor_app.c:668:17:vnd_dc_legacy_fast_rate_hz	24	static
../USB_DEVICE/App/usb_vendor_app.c:685:13:vnd_dc_reset_adapt_timestamps	8	static
../USB_DEVICE/App/usb_vendor_app.c:690:13:vnd_dc_sync_accum_from_buf	24	static
../USB_DEVICE/App/usb_vendor_app.c:703:16:vnd_dc_q16_to_i16	64	static
../USB_DEVICE/App/usb_vendor_app.c:717:13:vnd_dc_set_mode	24	static
../USB_DEVICE/App/usb_vendor_app.c:735:16:vnd_dc_effective_mode	24	static
../USB_DEVICE/App/usb_vendor_app.c:755:17:vnd_dc_active_settle_ms	24	static
../USB_DEVICE/App/usb_vendor_app.c:764:17:vnd_dc_rd_le32	16	static
../USB_DEVICE/App/usb_vendor_app.c:772:13:vnd_dc_apply_config_payload	40	static
../USB_DEVICE/App/usb_vendor_app.c:806:16:vnd_dc_flash_addr_in_range	16	static
../USB_DEVICE/App/usb_vendor_app.c:812:6:vnd_dc_note_flash_fault	16	static
../USB_DEVICE/App/usb_vendor_app.c:827:13:vnd_dc_flash_clear_error_flags	4	static
../USB_DEVICE/App/usb_vendor_app.c:841:13:vnd_dc_flash_erase_target	32	static
../USB_DEVICE/App/usb_vendor_app.c:866:26:vnd_dc_erase_reserved_sector	48	static
../USB_DEVICE/App/usb_vendor_app.c:880:17:vnd_dc_blob_commit_value	24	static
../USB_DEVICE/App/usb_vendor_app.c:887:13:vnd_dc_blob_set_commit	24	static
../USB_DEVICE/App/usb_vendor_app.c:893:13:vnd_dc_boot_recovery_erase_if_requested	40	static
../USB_DEVICE/App/usb_vendor_app.c:962:17:vnd_tim5_get_tim_clk	16	static
../USB_DEVICE/App/usb_vendor_app.c:970:13:vnd_sync_stop_tim5	8	static
../USB_DEVICE/App/usb_vendor_app.c:976:13:vnd_sync_start_tim5_base	8	static
../USB_DEVICE/App/usb_vendor_app.c:981:13:vnd_sync_set_master	16	static
../USB_DEVICE/App/usb_vendor_app.c:988:13:vnd_sync_set_slave	4	static
../USB_DEVICE/App/usb_vendor_app.c:994:13:vnd_sync_apply_mode	16	static
../USB_DEVICE/App/usb_vendor_app.c:1054:6:vnd_sync_set_mode_auto	16	static
../USB_DEVICE/App/usb_vendor_app.c:1063:6:vnd_sync_apply_mode_forced	16	static
../USB_DEVICE/App/usb_vendor_app.c:1070:6:vnd_sync_release_host_forced	4	static
../USB_DEVICE/App/usb_vendor_app.c:1075:9:vnd_sync_is_mode_host_forced	4	static
../USB_DEVICE/App/usb_vendor_app.c:1081:17:vnd_dc_bank_crc16	16	static
../USB_DEVICE/App/usb_vendor_app.c:1087:17:vnd_dc_score_bank	48	static
../USB_DEVICE/App/usb_vendor_app.c:1121:23:vnd_raw_has_full_swing_u16	40	static
../USB_DEVICE/App/usb_vendor_app.c:1144:13:vnd_dc_background_step	552	static
../USB_DEVICE/App/usb_vendor_app.c:1353:13:vnd_dc_apply_and_adapt	208	static
../USB_DEVICE/App/usb_vendor_app.c:1481:13:vnd_dc_load_once	48	static
../USB_DEVICE/App/usb_vendor_app.c:1576:13:vnd_dc_try_save_periodic	1824	static
../USB_DEVICE/App/usb_vendor_app.c:1767:20:vnd_dwt_init_once	4	static
../USB_DEVICE/App/usb_vendor_app.c:1777:24:vnd_dwt_cycles	4	static
../USB_DEVICE/App/usb_vendor_app.c:1782:24:vnd_cycles_to_us	72	static
../USB_DEVICE/App/usb_vendor_app.c:1789:14:vnd_corr_norm_u16	144	static
../USB_DEVICE/App/usb_vendor_app.c:1812:13:vnd_dsp_update	40	static
../USB_DEVICE/App/usb_vendor_app.c:1847:13:vnd_avg_reset	8	static
../USB_DEVICE/App/usb_vendor_app.c:1864:13:vnd_avg_drain_fifo	88	static
../USB_DEVICE/App/usb_vendor_app.c:1990:24:get_us_approx	16	static
../USB_DEVICE/App/usb_vendor_app.c:2020:41:vnd_sanitize_samples	56	static
../USB_DEVICE/App/usb_vendor_app.c:2064:41:vnd_detect_and_clip_spikes	80	static
../USB_DEVICE/App/usb_vendor_app.c:2111:37:vnd_log_spike_window	344	static
../USB_DEVICE/App/usb_vendor_app.c:2132:40:vnd_detect_spike_info	40	static
../USB_DEVICE/App/usb_vendor_app.c:2152:13:vnd_update_cmd_indicator	40	static
../USB_DEVICE/App/usb_vendor_app.c:2183:13:vnd_update_lcd_params	16	static
../USB_DEVICE/App/usb_vendor_app.c:2214:13:vnd_log_dc_cmd_rx	136	static
../USB_DEVICE/App/usb_vendor_app.c:2263:41:rd_le16	16	static
../USB_DEVICE/App/usb_vendor_app.c:2264:41:rd_le32	16	static
../USB_DEVICE/App/usb_vendor_app.c:2265:13:vnd_cdc_duplicate_preview	24	static
../USB_DEVICE/App/usb_vendor_app.c:2325:13:cdc_logf	16	static
../USB_DEVICE/App/usb_vendor_app.c:2340:13:vnd_cdc_sync_diag	48	static
../USB_DEVICE/App/usb_vendor_app.c:2390:13:vnd_cdc_periodic_stats	152	static
../USB_DEVICE/App/usb_vendor_app.c:2461:17:vnd_crc16_ccitt	32	static
../USB_DEVICE/App/usb_vendor_app.c:2562:23:vnd_tx_meta_depth	16	static
../USB_DEVICE/App/usb_vendor_app.c:2567:20:vnd_tx_meta_push	32	static
../USB_DEVICE/App/usb_vendor_app.c:2586:19:vnd_tx_meta_pop	16	static
../USB_DEVICE/App/usb_vendor_app.c:2594:20:vnd_tx_meta_after	32	static
../USB_DEVICE/App/usb_vendor_app.c:2606:13:vnd_meta_neutralize	24	static
../USB_DEVICE/App/usb_vendor_app.c:2629:37:vnd_debug_raw_stat_tick	4	static
../USB_DEVICE/App/usb_vendor_app.c:2630:13:vnd_send_fake_pair	4	static
../USB_DEVICE/App/usb_vendor_app.c:2631:37:vnd_debug_force_status_tick	4	static
../USB_DEVICE/App/usb_vendor_app.c:2632:37:vnd_try_start_tx	4	static
../USB_DEVICE/App/usb_vendor_app.c:2641:13:vnd_recompute_pair_timing	32	static
../USB_DEVICE/App/usb_vendor_app.c:2660:6:vnd_pipeline_stop_reset	16	static
../USB_DEVICE/App/usb_vendor_app.c:2686:13:vnd_force_complete_test_meta_if_stale	16	static
../USB_DEVICE/App/usb_vendor_app.c:2719:6:vnd_report_fps_stats	80	static
../USB_DEVICE/App/usb_vendor_app.c:2753:6:vnd_print_perf_stats	64	static
../USB_DEVICE/App/usb_vendor_app.c:2792:13:vnd_try_send_pending_status_from_task	16	static
../USB_DEVICE/App/usb_vendor_app.c:2818:6:usb_vendor_periodic_tick	4	static
../USB_DEVICE/App/usb_vendor_app.c:2820:6:vnd_request_adc_restart_from_isr	4	static
../USB_DEVICE/App/usb_vendor_app.c:2834:13:vnd_reset_buffers	24	static
../USB_DEVICE/App/usb_vendor_app.c:2839:10:vnd_build_status	144	static
../USB_DEVICE/App/usb_vendor_app.c:2993:10:vnd_build_lcd_status	64	static
../USB_DEVICE/App/usb_vendor_app.c:3051:10:vnd_build_dc_config	88	static
../USB_DEVICE/App/usb_vendor_app.c:3085:9:vnd_is_streaming	4	static
../USB_DEVICE/App/usb_vendor_app.c:3086:9:vnd_is_tx_enabled	4	static
../USB_DEVICE/App/usb_vendor_app.c:3088:13:vnd_apply_tx_enable_outputs	8	static
../USB_DEVICE/App/usb_vendor_app.c:3101:13:vnd_prepare_pair	144	static,ignoring_inline_asm
../USB_DEVICE/App/usb_vendor_app.c:3410:13:vnd_build_frame	32	static
../USB_DEVICE/App/usb_vendor_app.c:3452:12:vnd_find_pair_by_seq	24	static
../USB_DEVICE/App/usb_vendor_app.c:3461:12:vnd_find_slot_for_seq_ch	24	static
../USB_DEVICE/App/usb_vendor_app.c:3472:16:vnd_get_active_stream_slot	24	static
../USB_DEVICE/App/usb_vendor_app.c:3487:13:vnd_clear_pair_slot	16	static
../USB_DEVICE/App/usb_vendor_app.c:3494:13:vnd_consume_strict_fifo_pair	24	static
../USB_DEVICE/App/usb_vendor_app.c:3506:13:vnd_align_strict_pair_cursor	24	static
../USB_DEVICE/App/usb_vendor_app.c:3533:16:vnd_strict_slot_ready_for_stream	24	static
../USB_DEVICE/App/usb_vendor_app.c:3559:12:vnd_async_try_tx	184	static
../USB_DEVICE/App/usb_vendor_app.c:3819:12:vnd_validate_frame	24	static
../USB_DEVICE/App/usb_vendor_app.c:3843:51:vnd_transmit_frame	48	static
../USB_DEVICE/App/usb_vendor_app.c:3896:13:vnd_diag_prepare_pair	40	static
../USB_DEVICE/App/usb_vendor_app.c:3920:12:vnd_diag_try_tx	32	static
../USB_DEVICE/App/usb_vendor_app.c:3977:12:vnd_try_send_B_immediate	32	static
../USB_DEVICE/App/usb_vendor_app.c:4013:12:vnd_try_send_A_nextpair_immediate	24	static
../USB_DEVICE/App/usb_vendor_app.c:4043:13:vnd_log_hdr_layout	4	static
../USB_DEVICE/App/usb_vendor_app.c:4053:37:vnd_emergency_keepalive	72	static
../USB_DEVICE/App/usb_vendor_app.c:4073:13:vnd_try_send_test_from_task	56	static
../USB_DEVICE/App/usb_vendor_app.c:4107:30:vnd_diag_send64_once	80	static
../USB_DEVICE/App/usb_vendor_app.c:4132:30:Vendor_Stream_Task	352	static
../USB_DEVICE/App/usb_vendor_app.c:4873:6:HAL_TIM_IC_CaptureCallback	40	static
../USB_DEVICE/App/usb_vendor_app.c:4901:6:USBD_VND_TxCplt	232	static
../USB_DEVICE/App/usb_vendor_app.c:5210:6:USBD_VND_DataReceived	288	static
../USB_DEVICE/App/usb_vendor_app.c:6035:10:vnd_get_last_txcplt_ms	4	static
../USB_DEVICE/App/usb_vendor_app.c:6040:10:vnd_get_last_frame_txcplt_ms	4	static
../USB_DEVICE/App/usb_vendor_app.c:6045:10:vnd_get_last_host_rx_ack_ms	4	static
../USB_DEVICE/App/usb_vendor_app.c:6050:10:vnd_get_last_error	4	static
../USB_DEVICE/App/usb_vendor_app.c:6056:10:vnd_get_total_tx_bytes	4	static
../USB_DEVICE/App/usb_vendor_app.c:6062:10:vnd_get_total_tx_samples	4	static
../USB_DEVICE/App/usb_vendor_app.c:6070:24:tick_diff32	16	static
../USB_DEVICE/App/usb_vendor_app.c:6074:6:vnd_diag_log_possible_stall	224	static
../USB_DEVICE/App/usb_vendor_app.c:6138:6:adc_stream_on_new_frames	16	static
../USB_DEVICE/App/usb_vendor_app.c:6146:6:vnd_get_adc_minmax	88	static
