../USB_DEVICE/App/usb_vendor_app.c:260:6:vnd_sync_on_edge	8	static
../USB_DEVICE/App/usb_vendor_app.c:376:17:vnd_compute_auto_roi_start	32	static
../USB_DEVICE/App/usb_vendor_app.c:387:13:vnd_apply_auto_roi_window	16	static
../USB_DEVICE/App/usb_vendor_app.c:562:17:vnd_tim5_get_tim_clk	16	static
../USB_DEVICE/App/usb_vendor_app.c:570:13:vnd_sync_stop_tim5	8	static
../USB_DEVICE/App/usb_vendor_app.c:576:13:vnd_sync_start_tim5_base	8	static
../USB_DEVICE/App/usb_vendor_app.c:581:13:vnd_sync_set_master	16	static
../USB_DEVICE/App/usb_vendor_app.c:588:13:vnd_sync_set_slave	4	static
../USB_DEVICE/App/usb_vendor_app.c:594:13:vnd_sync_apply_mode	16	static
../USB_DEVICE/App/usb_vendor_app.c:629:17:vnd_dc_bank_crc16	16	static
../USB_DEVICE/App/usb_vendor_app.c:635:17:vnd_dc_score_bank	48	static
../USB_DEVICE/App/usb_vendor_app.c:669:23:vnd_raw_has_full_swing_u16	40	static
../USB_DEVICE/App/usb_vendor_app.c:691:13:vnd_dc_background_step	544	static
../USB_DEVICE/App/usb_vendor_app.c:898:13:vnd_dc_apply_and_adapt	136	static
../USB_DEVICE/App/usb_vendor_app.c:1017:13:vnd_dc_load_once	48	static
../USB_DEVICE/App/usb_vendor_app.c:1104:13:vnd_dc_try_save_periodic	1824	static
../USB_DEVICE/App/usb_vendor_app.c:1294:20:vnd_dwt_init_once	4	static
../USB_DEVICE/App/usb_vendor_app.c:1304:24:vnd_dwt_cycles	4	static
../USB_DEVICE/App/usb_vendor_app.c:1309:24:vnd_cycles_to_us	72	static
../USB_DEVICE/App/usb_vendor_app.c:1316:14:vnd_corr_norm_u16	144	static
../USB_DEVICE/App/usb_vendor_app.c:1339:13:vnd_dsp_update	40	static
../USB_DEVICE/App/usb_vendor_app.c:1374:13:vnd_avg_reset	8	static
../USB_DEVICE/App/usb_vendor_app.c:1391:13:vnd_avg_drain_fifo	88	static
../USB_DEVICE/App/usb_vendor_app.c:1507:24:get_us_approx	16	static
../USB_DEVICE/App/usb_vendor_app.c:1537:41:vnd_sanitize_samples	56	static
../USB_DEVICE/App/usb_vendor_app.c:1581:41:vnd_detect_and_clip_spikes	80	static
../USB_DEVICE/App/usb_vendor_app.c:1628:37:vnd_log_spike_window	344	static
../USB_DEVICE/App/usb_vendor_app.c:1649:40:vnd_detect_spike_info	40	static
../USB_DEVICE/App/usb_vendor_app.c:1669:13:vnd_update_cmd_indicator	40	static
../USB_DEVICE/App/usb_vendor_app.c:1700:13:vnd_update_lcd_params	16	static
../USB_DEVICE/App/usb_vendor_app.c:1734:41:rd_le16	16	static
../USB_DEVICE/App/usb_vendor_app.c:1735:41:rd_le32	16	static
../USB_DEVICE/App/usb_vendor_app.c:1736:13:vnd_cdc_duplicate_preview	24	static
../USB_DEVICE/App/usb_vendor_app.c:1796:13:cdc_logf	16	static
../USB_DEVICE/App/usb_vendor_app.c:1811:13:vnd_cdc_sync_diag	48	static
../USB_DEVICE/App/usb_vendor_app.c:1861:13:vnd_cdc_periodic_stats	136	static
../USB_DEVICE/App/usb_vendor_app.c:1894:17:vnd_crc16_ccitt	32	static
../USB_DEVICE/App/usb_vendor_app.c:1992:23:vnd_tx_meta_depth	16	static
../USB_DEVICE/App/usb_vendor_app.c:1997:20:vnd_tx_meta_push	32	static
../USB_DEVICE/App/usb_vendor_app.c:2016:19:vnd_tx_meta_pop	16	static
../USB_DEVICE/App/usb_vendor_app.c:2024:20:vnd_tx_meta_after	32	static
../USB_DEVICE/App/usb_vendor_app.c:2036:13:vnd_meta_neutralize	24	static
../USB_DEVICE/App/usb_vendor_app.c:2059:37:vnd_debug_raw_stat_tick	4	static
../USB_DEVICE/App/usb_vendor_app.c:2060:13:vnd_send_fake_pair	4	static
../USB_DEVICE/App/usb_vendor_app.c:2061:37:vnd_debug_force_status_tick	4	static
../USB_DEVICE/App/usb_vendor_app.c:2062:37:vnd_try_start_tx	4	static
../USB_DEVICE/App/usb_vendor_app.c:2071:13:vnd_recompute_pair_timing	32	static
../USB_DEVICE/App/usb_vendor_app.c:2090:6:vnd_pipeline_stop_reset	16	static
../USB_DEVICE/App/usb_vendor_app.c:2115:13:vnd_force_complete_test_meta_if_stale	16	static
../USB_DEVICE/App/usb_vendor_app.c:2148:6:vnd_report_fps_stats	80	static
../USB_DEVICE/App/usb_vendor_app.c:2182:6:vnd_print_perf_stats	64	static
../USB_DEVICE/App/usb_vendor_app.c:2221:13:vnd_try_send_pending_status_from_task	16	static
../USB_DEVICE/App/usb_vendor_app.c:2247:6:usb_vendor_periodic_tick	4	static
../USB_DEVICE/App/usb_vendor_app.c:2249:6:vnd_request_adc_restart_from_isr	4	static
../USB_DEVICE/App/usb_vendor_app.c:2263:13:vnd_reset_buffers	24	static
../USB_DEVICE/App/usb_vendor_app.c:2268:10:vnd_build_status	128	static
../USB_DEVICE/App/usb_vendor_app.c:2384:9:vnd_is_streaming	4	static
../USB_DEVICE/App/usb_vendor_app.c:2385:9:vnd_is_tx_enabled	4	static
../USB_DEVICE/App/usb_vendor_app.c:2389:13:vnd_prepare_pair	144	static,ignoring_inline_asm
../USB_DEVICE/App/usb_vendor_app.c:2688:13:vnd_build_frame	32	static
../USB_DEVICE/App/usb_vendor_app.c:2730:36:vnd_find_pair_by_seq	24	static
../USB_DEVICE/App/usb_vendor_app.c:2743:12:vnd_async_try_tx	184	static
../USB_DEVICE/App/usb_vendor_app.c:3003:12:vnd_validate_frame	24	static
../USB_DEVICE/App/usb_vendor_app.c:3027:51:vnd_transmit_frame	48	static
../USB_DEVICE/App/usb_vendor_app.c:3080:13:vnd_diag_prepare_pair	40	static
../USB_DEVICE/App/usb_vendor_app.c:3104:12:vnd_diag_try_tx	32	static
../USB_DEVICE/App/usb_vendor_app.c:3161:12:vnd_try_send_B_immediate	32	static
../USB_DEVICE/App/usb_vendor_app.c:3196:12:vnd_try_send_A_nextpair_immediate	24	static
../USB_DEVICE/App/usb_vendor_app.c:3225:13:vnd_log_hdr_layout	4	static
../USB_DEVICE/App/usb_vendor_app.c:3235:37:vnd_emergency_keepalive	72	static
../USB_DEVICE/App/usb_vendor_app.c:3255:13:vnd_try_send_test_from_task	56	static
../USB_DEVICE/App/usb_vendor_app.c:3289:30:vnd_diag_send64_once	80	static
../USB_DEVICE/App/usb_vendor_app.c:3314:30:Vendor_Stream_Task	384	static
../USB_DEVICE/App/usb_vendor_app.c:4002:6:HAL_TIM_IC_CaptureCallback	40	static
../USB_DEVICE/App/usb_vendor_app.c:4030:6:USBD_VND_TxCplt	232	static
../USB_DEVICE/App/usb_vendor_app.c:4299:6:USBD_VND_DataReceived	240	static
../USB_DEVICE/App/usb_vendor_app.c:4956:10:vnd_get_last_txcplt_ms	4	static
../USB_DEVICE/App/usb_vendor_app.c:4962:10:vnd_get_total_tx_bytes	4	static
../USB_DEVICE/App/usb_vendor_app.c:4968:10:vnd_get_total_tx_samples	4	static
../USB_DEVICE/App/usb_vendor_app.c:4976:24:tick_diff32	16	static
../USB_DEVICE/App/usb_vendor_app.c:4980:6:vnd_diag_log_possible_stall	224	static
../USB_DEVICE/App/usb_vendor_app.c:5044:6:adc_stream_on_new_frames	16	static
../USB_DEVICE/App/usb_vendor_app.c:5052:6:vnd_get_adc_minmax	88	static
