../USB_DEVICE/App/usb_vendor_app.c:282:6:vnd_sync_on_edge	8	static
../USB_DEVICE/App/usb_vendor_app.c:400:17:vnd_compute_auto_roi_start	32	static
../USB_DEVICE/App/usb_vendor_app.c:411:13:vnd_apply_auto_roi_window	16	static
../USB_DEVICE/App/usb_vendor_app.c:586:17:vnd_tim5_get_tim_clk	16	static
../USB_DEVICE/App/usb_vendor_app.c:594:13:vnd_sync_stop_tim5	8	static
../USB_DEVICE/App/usb_vendor_app.c:600:13:vnd_sync_start_tim5_base	8	static
../USB_DEVICE/App/usb_vendor_app.c:605:13:vnd_sync_set_master	16	static
../USB_DEVICE/App/usb_vendor_app.c:612:13:vnd_sync_set_slave	4	static
../USB_DEVICE/App/usb_vendor_app.c:618:13:vnd_sync_apply_mode	16	static
../USB_DEVICE/App/usb_vendor_app.c:678:6:vnd_sync_set_mode_auto	16	static
../USB_DEVICE/App/usb_vendor_app.c:687:6:vnd_sync_apply_mode_forced	16	static
../USB_DEVICE/App/usb_vendor_app.c:694:6:vnd_sync_release_host_forced	4	static
../USB_DEVICE/App/usb_vendor_app.c:699:9:vnd_sync_is_mode_host_forced	4	static
../USB_DEVICE/App/usb_vendor_app.c:705:17:vnd_dc_bank_crc16	16	static
../USB_DEVICE/App/usb_vendor_app.c:711:17:vnd_dc_score_bank	48	static
../USB_DEVICE/App/usb_vendor_app.c:745:23:vnd_raw_has_full_swing_u16	40	static
../USB_DEVICE/App/usb_vendor_app.c:767:13:vnd_dc_background_step	544	static
../USB_DEVICE/App/usb_vendor_app.c:974:13:vnd_dc_apply_and_adapt	136	static
../USB_DEVICE/App/usb_vendor_app.c:1093:13:vnd_dc_load_once	48	static
../USB_DEVICE/App/usb_vendor_app.c:1180:13:vnd_dc_try_save_periodic	1824	static
../USB_DEVICE/App/usb_vendor_app.c:1370:20:vnd_dwt_init_once	4	static
../USB_DEVICE/App/usb_vendor_app.c:1380:24:vnd_dwt_cycles	4	static
../USB_DEVICE/App/usb_vendor_app.c:1385:24:vnd_cycles_to_us	72	static
../USB_DEVICE/App/usb_vendor_app.c:1392:14:vnd_corr_norm_u16	144	static
../USB_DEVICE/App/usb_vendor_app.c:1415:13:vnd_dsp_update	40	static
../USB_DEVICE/App/usb_vendor_app.c:1450:13:vnd_avg_reset	8	static
../USB_DEVICE/App/usb_vendor_app.c:1467:13:vnd_avg_drain_fifo	88	static
../USB_DEVICE/App/usb_vendor_app.c:1585:24:get_us_approx	16	static
../USB_DEVICE/App/usb_vendor_app.c:1615:41:vnd_sanitize_samples	56	static
../USB_DEVICE/App/usb_vendor_app.c:1659:41:vnd_detect_and_clip_spikes	80	static
../USB_DEVICE/App/usb_vendor_app.c:1706:37:vnd_log_spike_window	344	static
../USB_DEVICE/App/usb_vendor_app.c:1727:40:vnd_detect_spike_info	40	static
../USB_DEVICE/App/usb_vendor_app.c:1747:13:vnd_update_cmd_indicator	40	static
../USB_DEVICE/App/usb_vendor_app.c:1778:13:vnd_update_lcd_params	16	static
../USB_DEVICE/App/usb_vendor_app.c:1812:41:rd_le16	16	static
../USB_DEVICE/App/usb_vendor_app.c:1813:41:rd_le32	16	static
../USB_DEVICE/App/usb_vendor_app.c:1814:13:vnd_cdc_duplicate_preview	24	static
../USB_DEVICE/App/usb_vendor_app.c:1874:13:cdc_logf	16	static
../USB_DEVICE/App/usb_vendor_app.c:1889:13:vnd_cdc_sync_diag	48	static
../USB_DEVICE/App/usb_vendor_app.c:1939:13:vnd_cdc_periodic_stats	136	static
../USB_DEVICE/App/usb_vendor_app.c:1972:17:vnd_crc16_ccitt	32	static
../USB_DEVICE/App/usb_vendor_app.c:2073:23:vnd_tx_meta_depth	16	static
../USB_DEVICE/App/usb_vendor_app.c:2078:20:vnd_tx_meta_push	32	static
../USB_DEVICE/App/usb_vendor_app.c:2097:19:vnd_tx_meta_pop	16	static
../USB_DEVICE/App/usb_vendor_app.c:2105:20:vnd_tx_meta_after	32	static
../USB_DEVICE/App/usb_vendor_app.c:2117:13:vnd_meta_neutralize	24	static
../USB_DEVICE/App/usb_vendor_app.c:2140:37:vnd_debug_raw_stat_tick	4	static
../USB_DEVICE/App/usb_vendor_app.c:2141:13:vnd_send_fake_pair	4	static
../USB_DEVICE/App/usb_vendor_app.c:2142:37:vnd_debug_force_status_tick	4	static
../USB_DEVICE/App/usb_vendor_app.c:2143:37:vnd_try_start_tx	4	static
../USB_DEVICE/App/usb_vendor_app.c:2152:13:vnd_recompute_pair_timing	32	static
../USB_DEVICE/App/usb_vendor_app.c:2171:6:vnd_pipeline_stop_reset	16	static
../USB_DEVICE/App/usb_vendor_app.c:2197:13:vnd_force_complete_test_meta_if_stale	16	static
../USB_DEVICE/App/usb_vendor_app.c:2230:6:vnd_report_fps_stats	80	static
../USB_DEVICE/App/usb_vendor_app.c:2264:6:vnd_print_perf_stats	64	static
../USB_DEVICE/App/usb_vendor_app.c:2303:13:vnd_try_send_pending_status_from_task	16	static
../USB_DEVICE/App/usb_vendor_app.c:2329:6:usb_vendor_periodic_tick	4	static
../USB_DEVICE/App/usb_vendor_app.c:2331:6:vnd_request_adc_restart_from_isr	4	static
../USB_DEVICE/App/usb_vendor_app.c:2345:13:vnd_reset_buffers	24	static
../USB_DEVICE/App/usb_vendor_app.c:2350:10:vnd_build_status	128	static
../USB_DEVICE/App/usb_vendor_app.c:2474:9:vnd_is_streaming	4	static
../USB_DEVICE/App/usb_vendor_app.c:2475:9:vnd_is_tx_enabled	4	static
../USB_DEVICE/App/usb_vendor_app.c:2477:13:vnd_apply_tx_enable_outputs	8	static
../USB_DEVICE/App/usb_vendor_app.c:2493:13:vnd_prepare_pair	144	static,ignoring_inline_asm
../USB_DEVICE/App/usb_vendor_app.c:2802:13:vnd_build_frame	32	static
../USB_DEVICE/App/usb_vendor_app.c:2844:12:vnd_find_pair_by_seq	24	static
../USB_DEVICE/App/usb_vendor_app.c:2853:12:vnd_find_slot_for_seq_ch	24	static
../USB_DEVICE/App/usb_vendor_app.c:2864:16:vnd_get_active_stream_slot	24	static
../USB_DEVICE/App/usb_vendor_app.c:2879:13:vnd_clear_pair_slot	16	static
../USB_DEVICE/App/usb_vendor_app.c:2886:13:vnd_consume_strict_fifo_pair	24	static
../USB_DEVICE/App/usb_vendor_app.c:2898:13:vnd_align_strict_pair_cursor	24	static
../USB_DEVICE/App/usb_vendor_app.c:2925:16:vnd_strict_slot_ready_for_stream	24	static
../USB_DEVICE/App/usb_vendor_app.c:2951:12:vnd_async_try_tx	184	static
../USB_DEVICE/App/usb_vendor_app.c:3211:12:vnd_validate_frame	24	static
../USB_DEVICE/App/usb_vendor_app.c:3235:51:vnd_transmit_frame	48	static
../USB_DEVICE/App/usb_vendor_app.c:3288:13:vnd_diag_prepare_pair	40	static
../USB_DEVICE/App/usb_vendor_app.c:3312:12:vnd_diag_try_tx	32	static
../USB_DEVICE/App/usb_vendor_app.c:3369:12:vnd_try_send_B_immediate	32	static
../USB_DEVICE/App/usb_vendor_app.c:3405:12:vnd_try_send_A_nextpair_immediate	24	static
../USB_DEVICE/App/usb_vendor_app.c:3435:13:vnd_log_hdr_layout	4	static
../USB_DEVICE/App/usb_vendor_app.c:3445:37:vnd_emergency_keepalive	72	static
../USB_DEVICE/App/usb_vendor_app.c:3465:13:vnd_try_send_test_from_task	56	static
../USB_DEVICE/App/usb_vendor_app.c:3499:30:vnd_diag_send64_once	80	static
../USB_DEVICE/App/usb_vendor_app.c:3524:30:Vendor_Stream_Task	408	static
../USB_DEVICE/App/usb_vendor_app.c:4263:6:HAL_TIM_IC_CaptureCallback	40	static
../USB_DEVICE/App/usb_vendor_app.c:4291:6:USBD_VND_TxCplt	232	static
../USB_DEVICE/App/usb_vendor_app.c:4597:6:USBD_VND_DataReceived	248	static
../USB_DEVICE/App/usb_vendor_app.c:5325:10:vnd_get_last_txcplt_ms	4	static
../USB_DEVICE/App/usb_vendor_app.c:5330:10:vnd_get_last_frame_txcplt_ms	4	static
../USB_DEVICE/App/usb_vendor_app.c:5335:10:vnd_get_last_host_rx_ack_ms	4	static
../USB_DEVICE/App/usb_vendor_app.c:5340:10:vnd_get_last_error	4	static
../USB_DEVICE/App/usb_vendor_app.c:5346:10:vnd_get_total_tx_bytes	4	static
../USB_DEVICE/App/usb_vendor_app.c:5352:10:vnd_get_total_tx_samples	4	static
../USB_DEVICE/App/usb_vendor_app.c:5360:24:tick_diff32	16	static
../USB_DEVICE/App/usb_vendor_app.c:5364:6:vnd_diag_log_possible_stall	224	static
../USB_DEVICE/App/usb_vendor_app.c:5428:6:adc_stream_on_new_frames	16	static
../USB_DEVICE/App/usb_vendor_app.c:5436:6:vnd_get_adc_minmax	88	static
