../USB_DEVICE/App/usb_vendor_app.c:201:13:vnd_update_lcd_params	16	static
../USB_DEVICE/App/usb_vendor_app.c:231:17:rd_le16	16	static
../USB_DEVICE/App/usb_vendor_app.c:232:17:rd_le32	16	static
../USB_DEVICE/App/usb_vendor_app.c:233:13:vnd_cdc_duplicate_preview	24	static
../USB_DEVICE/App/usb_vendor_app.c:277:13:cdc_logf	16	static
../USB_DEVICE/App/usb_vendor_app.c:291:13:vnd_cdc_periodic_stats	64	static
../USB_DEVICE/App/usb_vendor_app.c:388:23:vnd_tx_meta_depth	16	static
../USB_DEVICE/App/usb_vendor_app.c:393:20:vnd_tx_meta_push	32	static
../USB_DEVICE/App/usb_vendor_app.c:412:19:vnd_tx_meta_pop	16	static
../USB_DEVICE/App/usb_vendor_app.c:420:20:vnd_tx_meta_after	32	static
../USB_DEVICE/App/usb_vendor_app.c:432:13:vnd_meta_neutralize	24	static
../USB_DEVICE/App/usb_vendor_app.c:459:13:vnd_recompute_pair_timing	32	static
../USB_DEVICE/App/usb_vendor_app.c:478:6:vnd_pipeline_stop_reset	16	static
../USB_DEVICE/App/usb_vendor_app.c:503:13:vnd_force_complete_test_meta_if_stale	16	static
../USB_DEVICE/App/usb_vendor_app.c:536:13:vnd_try_send_pending_status_from_task	24	static
../USB_DEVICE/App/usb_vendor_app.c:562:6:usb_vendor_periodic_tick	4	static
../USB_DEVICE/App/usb_vendor_app.c:565:13:vnd_reset_buffers	24	static
../USB_DEVICE/App/usb_vendor_app.c:569:10:vnd_build_status	96	static
../USB_DEVICE/App/usb_vendor_app.c:653:9:vnd_is_streaming	4	static
../USB_DEVICE/App/usb_vendor_app.c:655:13:vnd_prepare_pair	80	static
../USB_DEVICE/App/usb_vendor_app.c:731:13:vnd_build_frame	32	static
../USB_DEVICE/App/usb_vendor_app.c:750:12:vnd_validate_frame	24	static
../USB_DEVICE/App/usb_vendor_app.c:774:51:vnd_transmit_frame	64	static
../USB_DEVICE/App/usb_vendor_app.c:824:13:vnd_diag_prepare_pair	40	static
../USB_DEVICE/App/usb_vendor_app.c:848:12:vnd_diag_try_tx	32	static
../USB_DEVICE/App/usb_vendor_app.c:905:12:vnd_try_send_B_immediate	32	static
../USB_DEVICE/App/usb_vendor_app.c:945:12:vnd_try_send_A_nextpair_immediate	24	static
../USB_DEVICE/App/usb_vendor_app.c:974:13:vnd_log_hdr_layout	16	static
../USB_DEVICE/App/usb_vendor_app.c:984:13:vnd_emergency_keepalive	72	static
../USB_DEVICE/App/usb_vendor_app.c:1004:13:vnd_try_send_test_from_task	56	static
../USB_DEVICE/App/usb_vendor_app.c:1038:30:vnd_diag_send64_once	80	static
../USB_DEVICE/App/usb_vendor_app.c:1063:30:Vendor_Stream_Task	232	static
../USB_DEVICE/App/usb_vendor_app.c:1419:6:USBD_VND_TxCplt	208	static
../USB_DEVICE/App/usb_vendor_app.c:1611:6:USBD_VND_DataReceived	136	static
../USB_DEVICE/App/usb_vendor_app.c:1900:10:vnd_get_last_txcplt_ms	4	static
../USB_DEVICE/App/usb_vendor_app.c:1906:10:vnd_get_total_tx_samples	4	static
../USB_DEVICE/App/usb_vendor_app.c:1912:6:adc_stream_on_new_frames	16	static
../USB_DEVICE/App/usb_vendor_app.c:1920:6:vnd_get_adc_minmax	88	static
