../USB_DEVICE/App/usbd_cdc_custom.c:84:13:vnd_clean_dcache_range	16	static
../USB_DEVICE/App/usbd_cdc_custom.c:98:6:USBD_VND_RequestSoftReset	4	static
../USB_DEVICE/App/usbd_cdc_custom.c:99:6:USBD_VND_RequestDeepReset	4	static
../USB_DEVICE/App/usbd_cdc_custom.c:102:13:VND_Class_SoftReset	16	static
../USB_DEVICE/App/usbd_cdc_custom.c:121:13:VND_Class_DeepReset	16	static
../USB_DEVICE/App/usbd_cdc_custom.c:149:6:USBD_VND_ProcessControlRequests	8	static
../USB_DEVICE/App/usbd_cdc_custom.c:169:13:USBD_VND_DataReceived	16	static
../USB_DEVICE/App/usbd_cdc_custom.c:172:13:USBD_VND_TxCplt	4	static
../USB_DEVICE/App/usbd_cdc_custom.c:175:9:USBD_VND_Transmit	40	static
../USB_DEVICE/App/usbd_cdc_custom.c:253:10:USBD_VND_Read	24	static
../USB_DEVICE/App/usbd_cdc_custom.c:262:9:USBD_VND_TxIsBusy	4	static
../USB_DEVICE/App/usbd_cdc_custom.c:263:9:USBD_VND_LastTxRC	4	static
../USB_DEVICE/App/usbd_cdc_custom.c:264:10:USBD_VND_LastTxLen	4	static
../USB_DEVICE/App/usbd_cdc_custom.c:267:6:USBD_VND_ForceTxIdle	4	static
../USB_DEVICE/App/usbd_cdc_custom.c:390:16:USBD_CDCVND_Init	24	static
../USB_DEVICE/App/usbd_cdc_custom.c:443:16:USBD_CDCVND_DeInit	16	static
../USB_DEVICE/App/usbd_cdc_custom.c:459:16:USBD_CDCVND_Setup	216	static
../USB_DEVICE/App/usbd_cdc_custom.c:639:16:USBD_CDCVND_DataIn	32	static
../USB_DEVICE/App/usbd_cdc_custom.c:679:16:USBD_CDCVND_DataOut	24	static
../USB_DEVICE/App/usbd_cdc_custom.c:712:16:USBD_CDCVND_EP0_RxReady	32	static
../USB_DEVICE/App/usbd_cdc_custom.c:748:17:USBD_CDCVND_GetFSCfgDesc	16	static
../USB_DEVICE/App/usbd_cdc_custom.c:749:17:USBD_CDCVND_GetHSCfgDesc	16	static
../USB_DEVICE/App/usbd_cdc_custom.c:750:17:USBD_CDCVND_GetOtherSpeedCfgDesc	16	static
../USB_DEVICE/App/usbd_cdc_custom.c:751:17:USBD_CDCVND_GetDeviceQualifierDescriptor	16	static
