C:/Users/Admin/STM32Cube/Repository/STM32Cube_FW_H7_V1.12.1/Drivers/CMSIS/Include/core_cm7.h:2156:34:__NVIC_SystemReset	4	static,ignoring_inline_asm
../USB_DEVICE/App/usbd_cdc_if.c:160:15:CDC_Init_HS	8	static
../USB_DEVICE/App/usbd_cdc_if.c:176:15:CDC_DeInit_HS	4	static
../USB_DEVICE/App/usbd_cdc_if.c:190:15:CDC_Control_HS	16	static
../USB_DEVICE/App/usbd_cdc_if.c:271:15:CDC_Receive_HS	128	static
../USB_DEVICE/App/usbd_cdc_if.c:410:9:CDC_Transmit_HS	24	static
../USB_DEVICE/App/usbd_cdc_if.c:436:15:CDC_TransmitCplt_HS	32	static
../USB_DEVICE/App/usbd_cdc_if.c:450:6:CDC_LED_Process	8	static
