../USB_DEVICE/App/usbd_cdc_custom.c:82:6:USBD_VND_RequestSoftReset	4	static
../USB_DEVICE/App/usbd_cdc_custom.c:83:6:USBD_VND_RequestDeepReset	4	static
../USB_DEVICE/App/usbd_cdc_custom.c:86:13:VND_Class_SoftReset	16	static
../USB_DEVICE/App/usbd_cdc_custom.c:105:13:VND_Class_DeepReset	16	static
../USB_DEVICE/App/usbd_cdc_custom.c:133:6:USBD_VND_ProcessControlRequests	8	static
../USB_DEVICE/App/usbd_cdc_custom.c:153:13:USBD_VND_DataReceived	16	static
../USB_DEVICE/App/usbd_cdc_custom.c:156:13:USBD_VND_TxCplt	4	static
../USB_DEVICE/App/usbd_cdc_custom.c:159:9:USBD_VND_Transmit	32	static
../USB_DEVICE/App/usbd_cdc_custom.c:236:10:USBD_VND_Read	24	static
../USB_DEVICE/App/usbd_cdc_custom.c:245:9:USBD_VND_TxIsBusy	4	static
../USB_DEVICE/App/usbd_cdc_custom.c:246:9:USBD_VND_LastTxRC	4	static
../USB_DEVICE/App/usbd_cdc_custom.c:247:10:USBD_VND_LastTxLen	4	static
../USB_DEVICE/App/usbd_cdc_custom.c:250:6:USBD_VND_ForceTxIdle	4	static
../USB_DEVICE/App/usbd_cdc_custom.c:373:16:USBD_CDCVND_Init	24	static
../USB_DEVICE/App/usbd_cdc_custom.c:426:16:USBD_CDCVND_DeInit	16	static
../USB_DEVICE/App/usbd_cdc_custom.c:442:16:USBD_CDCVND_Setup	96	static
../USB_DEVICE/App/usbd_cdc_custom.c:547:16:USBD_CDCVND_DataIn	32	static
../USB_DEVICE/App/usbd_cdc_custom.c:586:16:USBD_CDCVND_DataOut	24	static
../USB_DEVICE/App/usbd_cdc_custom.c:609:16:USBD_CDCVND_EP0_RxReady	24	static
../USB_DEVICE/App/usbd_cdc_custom.c:620:17:USBD_CDCVND_GetFSCfgDesc	16	static
../USB_DEVICE/App/usbd_cdc_custom.c:621:17:USBD_CDCVND_GetHSCfgDesc	16	static
../USB_DEVICE/App/usbd_cdc_custom.c:622:17:USBD_CDCVND_GetOtherSpeedCfgDesc	16	static
../USB_DEVICE/App/usbd_cdc_custom.c:623:17:USBD_CDCVND_GetDeviceQualifierDescriptor	16	static
