../USB_DEVICE/App/usbd_cdc_custom.c:82:6:USBD_VND_RequestSoftReset	4	static
../USB_DEVICE/App/usbd_cdc_custom.c:83:6:USBD_VND_RequestDeepReset	4	static
../USB_DEVICE/App/usbd_cdc_custom.c:86:13:VND_Class_SoftReset	16	static
../USB_DEVICE/App/usbd_cdc_custom.c:105:13:VND_Class_DeepReset	16	static
../USB_DEVICE/App/usbd_cdc_custom.c:133:6:USBD_VND_ProcessControlRequests	8	static
../USB_DEVICE/App/usbd_cdc_custom.c:153:13:USBD_VND_DataReceived	16	static
../USB_DEVICE/App/usbd_cdc_custom.c:156:13:USBD_VND_TxCplt	4	static
../USB_DEVICE/App/usbd_cdc_custom.c:159:9:USBD_VND_Transmit	48	static
../USB_DEVICE/App/usbd_cdc_custom.c:229:10:USBD_VND_Read	24	static
../USB_DEVICE/App/usbd_cdc_custom.c:238:9:USBD_VND_TxIsBusy	4	static
../USB_DEVICE/App/usbd_cdc_custom.c:239:9:USBD_VND_LastTxRC	4	static
../USB_DEVICE/App/usbd_cdc_custom.c:240:10:USBD_VND_LastTxLen	4	static
../USB_DEVICE/App/usbd_cdc_custom.c:243:6:USBD_VND_ForceTxIdle	8	static
../USB_DEVICE/App/usbd_cdc_custom.c:366:16:USBD_CDCVND_Init	24	static
../USB_DEVICE/App/usbd_cdc_custom.c:419:16:USBD_CDCVND_DeInit	16	static
../USB_DEVICE/App/usbd_cdc_custom.c:435:16:USBD_CDCVND_Setup	104	static
../USB_DEVICE/App/usbd_cdc_custom.c:540:16:USBD_CDCVND_DataIn	48	static
../USB_DEVICE/App/usbd_cdc_custom.c:578:16:USBD_CDCVND_DataOut	24	static
../USB_DEVICE/App/usbd_cdc_custom.c:601:16:USBD_CDCVND_EP0_RxReady	24	static
../USB_DEVICE/App/usbd_cdc_custom.c:612:17:USBD_CDCVND_GetFSCfgDesc	16	static
../USB_DEVICE/App/usbd_cdc_custom.c:613:17:USBD_CDCVND_GetHSCfgDesc	16	static
../USB_DEVICE/App/usbd_cdc_custom.c:614:17:USBD_CDCVND_GetOtherSpeedCfgDesc	16	static
../USB_DEVICE/App/usbd_cdc_custom.c:615:17:USBD_CDCVND_GetDeviceQualifierDescriptor	16	static
